Archive member included to satisfy reference by file (symbol)

C:\Users\Alvaro\Documents\MCUXpressoIDE_10.2.0_759\workspace\lpc_board_nxp_lpcxpresso_1769\Debug\liblpc_board_nxp_lpcxpresso_1769.a(board.o)
                              ./freertos/src/FreeRTOSCommonHooks.o (Board_UARTPutSTR)
C:\Users\Alvaro\Documents\MCUXpressoIDE_10.2.0_759\workspace\lpc_board_nxp_lpcxpresso_1769\Debug\liblpc_board_nxp_lpcxpresso_1769.a(board_sysinit.o)
                              ./example/src/sysinit.o (Board_SystemInit)
C:\Users\Alvaro\Documents\MCUXpressoIDE_10.2.0_759\workspace\lpc_chip_175x_6x\Debug\liblpc_chip_175x_6x.a(chip_17xx_40xx.o)
                              ./freertos/src/port.o (SystemCoreClock)
C:\Users\Alvaro\Documents\MCUXpressoIDE_10.2.0_759\workspace\lpc_chip_175x_6x\Debug\liblpc_chip_175x_6x.a(clock_17xx_40xx.o)
                              C:\Users\Alvaro\Documents\MCUXpressoIDE_10.2.0_759\workspace\lpc_chip_175x_6x\Debug\liblpc_chip_175x_6x.a(chip_17xx_40xx.o) (Chip_Clock_EnablePLL)
C:\Users\Alvaro\Documents\MCUXpressoIDE_10.2.0_759\workspace\lpc_chip_175x_6x\Debug\liblpc_chip_175x_6x.a(i2s_17xx_40xx.o)
                              C:\Users\Alvaro\Documents\MCUXpressoIDE_10.2.0_759\workspace\lpc_board_nxp_lpcxpresso_1769\Debug\liblpc_board_nxp_lpcxpresso_1769.a(board.o) (Chip_I2S_Init)
C:\Users\Alvaro\Documents\MCUXpressoIDE_10.2.0_759\workspace\lpc_chip_175x_6x\Debug\liblpc_chip_175x_6x.a(iocon_17xx_40xx.o)
                              C:\Users\Alvaro\Documents\MCUXpressoIDE_10.2.0_759\workspace\lpc_board_nxp_lpcxpresso_1769\Debug\liblpc_board_nxp_lpcxpresso_1769.a(board.o) (Chip_IOCON_PinMux)
C:\Users\Alvaro\Documents\MCUXpressoIDE_10.2.0_759\workspace\lpc_chip_175x_6x\Debug\liblpc_chip_175x_6x.a(sysinit_17xx_40xx.o)
                              C:\Users\Alvaro\Documents\MCUXpressoIDE_10.2.0_759\workspace\lpc_board_nxp_lpcxpresso_1769\Debug\liblpc_board_nxp_lpcxpresso_1769.a(board_sysinit.o) (Chip_SetupXtalClocking)
C:\Users\Alvaro\Documents\MCUXpressoIDE_10.2.0_759\workspace\lpc_chip_175x_6x\Debug\liblpc_chip_175x_6x.a(uart_17xx_40xx.o)
                              C:\Users\Alvaro\Documents\MCUXpressoIDE_10.2.0_759\workspace\lpc_board_nxp_lpcxpresso_1769\Debug\liblpc_board_nxp_lpcxpresso_1769.a(board.o) (Chip_UART_Init)
C:\Users\Alvaro\Documents\MCUXpressoIDE_10.2.0_759\workspace\lpc_chip_175x_6x\Debug\liblpc_chip_175x_6x.a(ring_buffer.o)
                              C:\Users\Alvaro\Documents\MCUXpressoIDE_10.2.0_759\workspace\lpc_chip_175x_6x\Debug\liblpc_chip_175x_6x.a(uart_17xx_40xx.o) (RingBuffer_Insert)
c:/nxp/mcuxpressoide_10.2.0_759/ide/tools/bin/../lib/gcc/arm-none-eabi/7.2.1/../../../../arm-none-eabi/lib/thumb/v7-m\libcr_nohost.a(_cr__main.o)
                              ./example/src/cr_startup_lpc175x_6x.o (__main)
c:/nxp/mcuxpressoide_10.2.0_759/ide/tools/bin/../lib/gcc/arm-none-eabi/7.2.1/../../../../arm-none-eabi/lib/thumb/v7-m\libcr_c.a(memcpy.o)
                              ./freertos/src/queue.o (memcpy)
c:/nxp/mcuxpressoide_10.2.0_759/ide/tools/bin/../lib/gcc/arm-none-eabi/7.2.1/../../../../arm-none-eabi/lib/thumb/v7-m\libcr_c.a(memset.o)
                              ./freertos/src/tasks.o (memset)
c:/nxp/mcuxpressoide_10.2.0_759/ide/tools/bin/../lib/gcc/arm-none-eabi/7.2.1/../../../../arm-none-eabi/lib/thumb/v7-m\libcr_c.a(alloc.o)
                              ./freertos/src/heap_3.o (malloc)
c:/nxp/mcuxpressoide_10.2.0_759/ide/tools/bin/../lib/gcc/arm-none-eabi/7.2.1/../../../../arm-none-eabi/lib/thumb/v7-m\libcr_c.a(fpprintf.o)
                              ./freertos/src/FreeRTOSCommonHooks.o (printf)
c:/nxp/mcuxpressoide_10.2.0_759/ide/tools/bin/../lib/gcc/arm-none-eabi/7.2.1/../../../../arm-none-eabi/lib/thumb/v7-m\libcr_c.a(initio.o)
                              c:/nxp/mcuxpressoide_10.2.0_759/ide/tools/bin/../lib/gcc/arm-none-eabi/7.2.1/../../../../arm-none-eabi/lib/thumb/v7-m\libcr_nohost.a(_cr__main.o) (_initio)
c:/nxp/mcuxpressoide_10.2.0_759/ide/tools/bin/../lib/gcc/arm-none-eabi/7.2.1/../../../../arm-none-eabi/lib/thumb/v7-m\libcr_c.a(printf.o)
                              c:/nxp/mcuxpressoide_10.2.0_759/ide/tools/bin/../lib/gcc/arm-none-eabi/7.2.1/../../../../arm-none-eabi/lib/thumb/v7-m\libcr_c.a(fpprintf.o) (__vfprintf)
c:/nxp/mcuxpressoide_10.2.0_759/ide/tools/bin/../lib/gcc/arm-none-eabi/7.2.1/../../../../arm-none-eabi/lib/thumb/v7-m\libcr_c.a(setvbuf.o)
                              c:/nxp/mcuxpressoide_10.2.0_759/ide/tools/bin/../lib/gcc/arm-none-eabi/7.2.1/../../../../arm-none-eabi/lib/thumb/v7-m\libcr_c.a(initio.o) (setvbuf)
c:/nxp/mcuxpressoide_10.2.0_759/ide/tools/bin/../lib/gcc/arm-none-eabi/7.2.1/../../../../arm-none-eabi/lib/thumb/v7-m\libcr_c.a(strlen.o)
                              c:/nxp/mcuxpressoide_10.2.0_759/ide/tools/bin/../lib/gcc/arm-none-eabi/7.2.1/../../../../arm-none-eabi/lib/thumb/v7-m\libcr_c.a(printf.o) (strlen)
[...]
Memory Configuration

Name             Origin             Length             Attributes
MFlash512        0x00000000         0x00080000         xr
RamLoc32         0x10000000         0x00008000         xrw
RamAHB32         0x2007c000         0x00008000         xrw
*default*        0x00000000         0xffffffff

Linker script and memory map

LOAD ./freertos/src/FreeRTOSCommonHooks.o
LOAD ./freertos/src/heap_3.o
LOAD ./freertos/src/list.o
LOAD ./freertos/src/port.o
LOAD ./freertos/src/queue.o
LOAD ./freertos/src/tasks.o
LOAD ./example/src/cr_startup_lpc175x_6x.o
LOAD ./example/src/freertos_blinky.o
LOAD ./example/src/sysinit.o
LOAD C:\Users\Alvaro\Documents\MCUXpressoIDE_10.2.0_759\workspace\lpc_board_nxp_lpcxpresso_1769\Debug\liblpc_board_nxp_lpcxpresso_1769.a
LOAD C:\Users\Alvaro\Documents\MCUXpressoIDE_10.2.0_759\workspace\lpc_chip_175x_6x\Debug\liblpc_chip_175x_6x.a
START GROUP
LOAD c:/nxp/mcuxpressoide_10.2.0_759/ide/tools/bin/../lib/gcc/arm-none-eabi/7.2.1/../../../../arm-none-eabi/lib/thumb/v7-m\libcr_nohost.a
LOAD c:/nxp/mcuxpressoide_10.2.0_759/ide/tools/bin/../lib/gcc/arm-none-eabi/7.2.1/../../../../arm-none-eabi/lib/thumb/v7-m\libcr_c.a
LOAD c:/nxp/mcuxpressoide_10.2.0_759/ide/tools/bin/../lib/gcc/arm-none-eabi/7.2.1/thumb/v7-m\libcr_eabihelpers.a
END GROUP
                0x00000000                __base_MFlash512 = 0x0
                0x00000000                __base_Flash = 0x0
                0x00080000                __top_MFlash512 = 0x80000
                0x00080000                __top_Flash = 0x80000
                0x10000000                __base_RamLoc32 = 0x10000000
                0x10000000                __base_RAM = 0x10000000
                0x10008000                __top_RamLoc32 = 0x10008000
                0x10008000                __top_RAM = 0x10008000
                0x2007c000                __base_RamAHB32 = 0x2007c000
                0x2007c000                __base_RAM2 = 0x2007c000
                0x20084000                __top_RamAHB32 = 0x20084000
                0x20084000                __top_RAM2 = 0x20084000

.text           0x00000000     0x4454
 FILL mask 0xff
                0x00000000                __vectors_start__ = ABSOLUTE (.)
 *(.isr_vector)
 .isr_vector    0x00000000       0xcc ./example/src/cr_startup_lpc175x_6x.o
                0x00000000                g_pfnVectors
                0x000000cc                . = ALIGN (0x4)
                0x000000cc                __section_table_start = .
                0x000000cc                __data_section_table = .
                0x000000cc        0x4 LONG 0x4454 LOADADDR (.data)
                0x000000d0        0x4 LONG 0x10000000 ADDR (.data)
                0x000000d4        0x4 LONG 0x8 SIZEOF (.data)
                0x000000d8        0x4 LONG 0x4454 LOADADDR (.data_RAM2)
                0x000000dc        0x4 LONG 0x2007c000 ADDR (.data_RAM2)
                0x000000e0        0x4 LONG 0x0 SIZEOF (.data_RAM2)
                0x000000e4                __data_section_table_end = .
                0x000000e4                __bss_section_table = .
                0x000000e4        0x4 LONG 0x10000008 ADDR (.bss)
                0x000000e8        0x4 LONG 0x334 SIZEOF (.bss)
                0x000000ec        0x4 LONG 0x2007c000 ADDR (.bss_RAM2)
                0x000000f0        0x4 LONG 0x0 SIZEOF (.bss_RAM2)
                0x000000f4                __bss_section_table_end = .
                0x000000f4                __section_table_end = .
 *(.after_vectors*)
 .after_vectors
                0x000000f4      0x12c ./example/src/cr_startup_lpc175x_6x.o
                0x000000f4                data_init
                0x00000136                bss_init
                0x0000016c                ResetISR
                0x000001e4                NMI_Handler
                0x000001ea                HardFault_Handler
                0x000001f0                MemManage_Handler
                0x000001f6                BusFault_Handler
                0x000001fc                UsageFault_Handler
                0x00000208                DebugMon_Handler
                0x0000021a                UART1_IRQHandler
                0x0000021a                EINT3_IRQHandler
                0x0000021a                I2C1_IRQHandler
                0x0000021a                TIMER3_IRQHandler
                0x0000021a                UART0_IRQHandler
                0x0000021a                USBActivity_IRQHandler
                0x0000021a                CANActivity_IRQHandler
                0x0000021a                EINT2_IRQHandler
                0x0000021a                IntDefaultHandler
                0x0000021a                PLL0_IRQHandler
                0x0000021a                CAN_IRQHandler
                0x0000021a                I2C0_IRQHandler
                0x0000021a                SSP0_IRQHandler
                0x0000021a                I2S_IRQHandler
                0x0000021a                I2C2_IRQHandler
                0x0000021a                RTC_IRQHandler
                0x0000021a                TIMER0_IRQHandler
                0x0000021a                SPI_IRQHandler
                0x0000021a                RIT_IRQHandler
                0x0000021a                EINT1_IRQHandler
                0x0000021a                TIMER1_IRQHandler
                0x0000021a                UART2_IRQHandler
                0x0000021a                ADC_IRQHandler
                0x0000021a                SSP1_IRQHandler
                0x0000021a                USB_IRQHandler
                0x0000021a                BOD_IRQHandler
                0x0000021a                PWM1_IRQHandler
                0x0000021a                WDT_IRQHandler
                0x0000021a                QEI_IRQHandler
                0x0000021a                EINT0_IRQHandler
                0x0000021a                ETH_IRQHandler
                0x0000021a                PLL1_IRQHandler
                0x0000021a                DMA_IRQHandler
                0x0000021a                TIMER2_IRQHandler
                0x0000021a                UART3_IRQHandler
                0x0000021a                MCPWM_IRQHandler
 *(.text*)
 .text.vApplicationIdleHook
                0x00000220        0xe ./freertos/src/FreeRTOSCommonHooks.o
                0x00000220                vApplicationIdleHook
 .text.pvPortMalloc
                0x0000022e       0x22 ./freertos/src/heap_3.o
                0x0000022e                pvPortMalloc
 .text.vPortFree
                0x00000250       0x24 ./freertos/src/heap_3.o
                0x00000250                vPortFree
 .text.vListInitialise
                0x00000274       0x3e ./freertos/src/list.o
                0x00000274                vListInitialise
 .text.vListInitialiseItem
                0x000002b2       0x18 ./freertos/src/list.o
                0x000002b2                vListInitialiseItem
 .text.vListInsertEnd
                0x000002ca       0x46 ./freertos/src/list.o
                0x000002ca                vListInsertEnd
 .text.vListInsert
                0x00000310       0x70 ./freertos/src/list.o
                0x00000310                vListInsert
 .text.uxListRemove
                0x00000380       0x52 ./freertos/src/list.o
                0x00000380                uxListRemove
 *fill*         0x000003d2        0x2 ff
 .text.pxPortInitialiseStack
                0x000003d4       0x54 ./freertos/src/port.o
                0x000003d4                pxPortInitialiseStack
 .text.prvTaskExitError
                0x00000428        0xa ./freertos/src/port.o
 *fill*         0x00000432        0x2 ff
 .text.SVC_Handler
                0x00000434       0x24 ./freertos/src/port.o
                0x00000434                SVC_Handler
 .text.prvPortStartFirstTask
                0x00000458       0x18 ./freertos/src/port.o
 .text.xPortStartScheduler
                0x00000470       0x38 ./freertos/src/port.o
                0x00000470                xPortStartScheduler
 .text.vPortYield
                0x000004a8       0x20 ./freertos/src/port.o
                0x000004a8                vPortYield
 .text.vPortEnterCritical
                0x000004c8       0x24 ./freertos/src/port.o
                0x000004c8                vPortEnterCritical
 .text.vPortExitCritical
                0x000004ec       0x24 ./freertos/src/port.o
                0x000004ec                vPortExitCritical
 .text.ulPortSetInterruptMask
                0x00000510       0x12 ./freertos/src/port.o
                0x00000510                ulPortSetInterruptMask
 .text.vPortClearInterruptMask
                0x00000522        0x8 ./freertos/src/port.o
                0x00000522                vPortClearInterruptMask
 *fill*         0x0000052a        0x2 ff
 .text.PendSV_Handler
                0x0000052c       0x40 ./freertos/src/port.o
                0x0000052c                PendSV_Handler
 .text.SysTick_Handler
                0x0000056c       0x28 ./freertos/src/port.o
                0x0000056c                SysTick_Handler
 .text.vPortSuppressTicksAndSleep
                0x00000594      0x15c ./freertos/src/port.o
                0x00000594                vPortSuppressTicksAndSleep
 .text.vPortSetupTimerInterrupt
                0x000006f0       0x68 ./freertos/src/port.o
                0x000006f0                vPortSetupTimerInterrupt
 .text.xTaskGenericCreate
                0x00000758      0x140 ./freertos/src/tasks.o
                0x00000758                xTaskGenericCreate
 .text.vTaskDelay
                0x00000898       0x54 ./freertos/src/tasks.o
                0x00000898                vTaskDelay
 .text.vTaskStartScheduler
                0x000008ec       0x58 ./freertos/src/tasks.o
                0x000008ec                vTaskStartScheduler
 .text.vTaskSuspendAll
                0x00000944       0x1c ./freertos/src/tasks.o
                0x00000944                vTaskSuspendAll
 .text.prvGetExpectedIdleTime
                0x00000960       0x4c ./freertos/src/tasks.o
 .text.xTaskResumeAll
                0x000009ac       0xfc ./freertos/src/tasks.o
                0x000009ac                xTaskResumeAll
 .text.vTaskStepTick
                0x00000aa8       0x24 ./freertos/src/tasks.o
                0x00000aa8                vTaskStepTick
 .text.xTaskIncrementTick
                0x00000acc      0x18c ./freertos/src/tasks.o
                0x00000acc                xTaskIncrementTick
 .text.vTaskSwitchContext
                0x00000c58       0x98 ./freertos/src/tasks.o
                0x00000c58                vTaskSwitchContext
 .text.prvIdleTask
                0x00000cf0       0x48 ./freertos/src/tasks.o
 .text.eTaskConfirmSleepModeStatus
                0x00000d38       0x5c ./freertos/src/tasks.o
                0x00000d38                eTaskConfirmSleepModeStatus
 .text.prvInitialiseTCBVariables
                0x00000d94       0x98 ./freertos/src/tasks.o
 .text.prvInitialiseTaskLists
                0x00000e2c       0x80 ./freertos/src/tasks.o
 .text.prvCheckTasksWaitingTermination
                0x00000eac       0x78 ./freertos/src/tasks.o
 .text.prvAddCurrentTaskToDelayedList
                0x00000f24       0x6c ./freertos/src/tasks.o
 .text.prvAllocateTCBAndStack
                0x00000f90       0x62 ./freertos/src/tasks.o
 .text.prvDeleteTCB
                0x00000ff2       0x20 ./freertos/src/tasks.o
 .text.prvSetupHardware
                0x00001012       0x18 ./example/src/freertos_blinky.o
 .text.vLEDTask1
                0x0000102a       0x26 ./example/src/freertos_blinky.o
 .text.vLEDTask2
                0x00001050       0x26 ./example/src/freertos_blinky.o
 *fill*         0x00001076        0x2 ff
 .text.vUARTTask
                0x00001078       0x28 ./example/src/freertos_blinky.o
 .text.main     0x000010a0       0x84 ./example/src/freertos_blinky.o
                0x000010a0                main
 .text.SystemInit
                0x00001124       0x24 ./example/src/sysinit.o
                0x00001124                SystemInit
 .text.Chip_IOCON_Init
                0x00001148       0x16 C:\Users\Alvaro\Documents\MCUXpressoIDE_10.2.0_759\workspace\lpc_board_nxp_lpcxpresso_1769\Debug\liblpc_board_nxp_lpcxpresso_1769.a(board.o)
 .text.Chip_GPIO_Init
                0x0000115e       0x16 C:\Users\Alvaro\Documents\MCUXpressoIDE_10.2.0_759\workspace\lpc_board_nxp_lpcxpresso_1769\Debug\liblpc_board_nxp_lpcxpresso_1769.a(board.o)
 .text.Chip_GPIO_SetPinState
                0x00001174       0x64 C:\Users\Alvaro\Documents\MCUXpressoIDE_10.2.0_759\workspace\lpc_board_nxp_lpcxpresso_1769\Debug\liblpc_board_nxp_lpcxpresso_1769.a(board.o)
 .text.Chip_GPIO_WritePortBit
                0x000011d8       0x2c C:\Users\Alvaro\Documents\MCUXpressoIDE_10.2.0_759\workspace\lpc_board_nxp_lpcxpresso_1769\Debug\liblpc_board_nxp_lpcxpresso_1769.a(board.o)
 .text.Chip_GPIO_SetPinDIROutput
                0x00001204       0x36 C:\Users\Alvaro\Documents\MCUXpressoIDE_10.2.0_759\workspace\lpc_board_nxp_lpcxpresso_1769\Debug\liblpc_board_nxp_lpcxpresso_1769.a(board.o)
 .text.Chip_GPIO_SetPinDIRInput
                0x0000123a       0x3a C:\Users\Alvaro\Documents\MCUXpressoIDE_10.2.0_759\workspace\lpc_board_nxp_lpcxpresso_1769\Debug\liblpc_board_nxp_lpcxpresso_1769.a(board.o)
 .text.Chip_GPIO_SetPinDIR
                0x00001274       0x42 C:\Users\Alvaro\Documents\MCUXpressoIDE_10.2.0_759\workspace\lpc_board_nxp_lpcxpresso_1769\Debug\liblpc_board_nxp_lpcxpresso_1769.a(board.o)
 .text.Chip_GPIO_WriteDirBit
                0x000012b6       0x2e C:\Users\Alvaro\Documents\MCUXpressoIDE_10.2.0_759\workspace\lpc_board_nxp_lpcxpresso_1769\Debug\liblpc_board_nxp_lpcxpresso_1769.a(board.o)
 .text.Chip_UART_SendByte
                0x000012e4       0x1c C:\Users\Alvaro\Documents\MCUXpressoIDE_10.2.0_759\workspace\lpc_board_nxp_lpcxpresso_1769\Debug\liblpc_board_nxp_lpcxpresso_1769.a(board.o)
 .text.Chip_UART_ConfigData
                0x00001300       0x1a C:\Users\Alvaro\Documents\MCUXpressoIDE_10.2.0_759\workspace\lpc_board_nxp_lpcxpresso_1769\Debug\liblpc_board_nxp_lpcxpresso_1769.a(board.o)
 .text.Chip_UART_ReadLineStatus
                0x0000131a       0x16 C:\Users\Alvaro\Documents\MCUXpressoIDE_10.2.0_759\workspace\lpc_board_nxp_lpcxpresso_1769\Debug\liblpc_board_nxp_lpcxpresso_1769.a(board.o)
 .text.__sys_write
                0x00001330       0x38 C:\Users\Alvaro\Documents\MCUXpressoIDE_10.2.0_759\workspace\lpc_board_nxp_lpcxpresso_1769\Debug\liblpc_board_nxp_lpcxpresso_1769.a(board.o)
                0x00001330                __sys_write
 .text.Board_LED_Init
                0x00001368       0x18 C:\Users\Alvaro\Documents\MCUXpressoIDE_10.2.0_759\workspace\lpc_board_nxp_lpcxpresso_1769\Debug\liblpc_board_nxp_lpcxpresso_1769.a(board.o)
 .text.Board_UART_Init
                0x00001380       0x12 C:\Users\Alvaro\Documents\MCUXpressoIDE_10.2.0_759\workspace\lpc_board_nxp_lpcxpresso_1769\Debug\liblpc_board_nxp_lpcxpresso_1769.a(board.o)
                0x00001380                Board_UART_Init
 *fill*         0x00001392        0x2 ff
 .text.Board_Debug_Init
                0x00001394       0x30 C:\Users\Alvaro\Documents\MCUXpressoIDE_10.2.0_759\workspace\lpc_board_nxp_lpcxpresso_1769\Debug\liblpc_board_nxp_lpcxpresso_1769.a(board.o)
                0x00001394                Board_Debug_Init
 .text.Board_UARTPutChar
                0x000013c4       0x34 C:\Users\Alvaro\Documents\MCUXpressoIDE_10.2.0_759\workspace\lpc_board_nxp_lpcxpresso_1769\Debug\liblpc_board_nxp_lpcxpresso_1769.a(board.o)
                0x000013c4                Board_UARTPutChar
 .text.Board_LED_Set
                0x000013f8       0x30 C:\Users\Alvaro\Documents\MCUXpressoIDE_10.2.0_759\workspace\lpc_board_nxp_lpcxpresso_1769\Debug\liblpc_board_nxp_lpcxpresso_1769.a(board.o)
                0x000013f8                Board_LED_Set
 .text.Board_Init
                0x00001428       0x24 C:\Users\Alvaro\Documents\MCUXpressoIDE_10.2.0_759\workspace\lpc_board_nxp_lpcxpresso_1769\Debug\liblpc_board_nxp_lpcxpresso_1769.a(board.o)
                0x00001428                Board_Init
 .text.Chip_SYSCTL_SetFLASHAccess
                0x0000144c       0x30 C:\Users\Alvaro\Documents\MCUXpressoIDE_10.2.0_759\workspace\lpc_board_nxp_lpcxpresso_1769\Debug\liblpc_board_nxp_lpcxpresso_1769.a(board_sysinit.o)
 .text.Board_SetupMuxing
                0x0000147c       0x1c C:\Users\Alvaro\Documents\MCUXpressoIDE_10.2.0_759\workspace\lpc_board_nxp_lpcxpresso_1769\Debug\liblpc_board_nxp_lpcxpresso_1769.a(board_sysinit.o)
                0x0000147c                Board_SetupMuxing
 .text.Board_SetupClocking
                0x00001498       0x12 C:\Users\Alvaro\Documents\MCUXpressoIDE_10.2.0_759\workspace\lpc_board_nxp_lpcxpresso_1769\Debug\liblpc_board_nxp_lpcxpresso_1769.a(board_sysinit.o)
                0x00001498                Board_SetupClocking
 .text.Board_SystemInit
                0x000014aa       0x10 C:\Users\Alvaro\Documents\MCUXpressoIDE_10.2.0_759\workspace\lpc_board_nxp_lpcxpresso_1769\Debug\liblpc_board_nxp_lpcxpresso_1769.a(board_sysinit.o)
                0x000014aa                Board_SystemInit
 *fill*         0x000014ba        0x2 ff
 .text.SystemCoreClockUpdate
                0x000014bc       0x18 C:\Users\Alvaro\Documents\MCUXpressoIDE_10.2.0_759\workspace\lpc_chip_175x_6x\Debug\liblpc_chip_175x_6x.a(chip_17xx_40xx.o)
                0x000014bc                SystemCoreClockUpdate
 .text.Chip_Clock_IsMainPLLEnabled
                0x000014d4       0x24 C:\Users\Alvaro\Documents\MCUXpressoIDE_10.2.0_759\workspace\lpc_chip_175x_6x\Debug\liblpc_chip_175x_6x.a(clock_17xx_40xx.o)
 .text.Chip_Clock_IsMainPLLConnected
                0x000014f8       0x24 C:\Users\Alvaro\Documents\MCUXpressoIDE_10.2.0_759\workspace\lpc_chip_175x_6x\Debug\liblpc_chip_175x_6x.a(clock_17xx_40xx.o)
 .text.Chip_Clock_FeedPLL
                0x0000151c       0x34 C:\Users\Alvaro\Documents\MCUXpressoIDE_10.2.0_759\workspace\lpc_chip_175x_6x\Debug\liblpc_chip_175x_6x.a(clock_17xx_40xx.o)
 .text.Chip_Clock_GetMainPLLSource
                0x00001550       0x20 C:\Users\Alvaro\Documents\MCUXpressoIDE_10.2.0_759\workspace\lpc_chip_175x_6x\Debug\liblpc_chip_175x_6x.a(clock_17xx_40xx.o)
 .text.Chip_Clock_GetMainOscRate
                0x00001570       0x14 C:\Users\Alvaro\Documents\MCUXpressoIDE_10.2.0_759\workspace\lpc_chip_175x_6x\Debug\liblpc_chip_175x_6x.a(clock_17xx_40xx.o)
 .text.Chip_Clock_GetIntOscRate
                0x00001584       0x14 C:\Users\Alvaro\Documents\MCUXpressoIDE_10.2.0_759\workspace\lpc_chip_175x_6x\Debug\liblpc_chip_175x_6x.a(clock_17xx_40xx.o)
 .text.Chip_Clock_GetRTCOscRate
                0x00001598       0x14 C:\Users\Alvaro\Documents\MCUXpressoIDE_10.2.0_759\workspace\lpc_chip_175x_6x\Debug\liblpc_chip_175x_6x.a(clock_17xx_40xx.o)
 .text.Chip_Clock_GetMainPLLInClockRate
                0x000015ac        0xe C:\Users\Alvaro\Documents\MCUXpressoIDE_10.2.0_759\workspace\lpc_chip_175x_6x\Debug\liblpc_chip_175x_6x.a(clock_17xx_40xx.o)
 *fill*         0x000015ba        0x2 ff
 .text.Chip_Clock_EnablePLL
                0x000015bc       0x44 C:\Users\Alvaro\Documents\MCUXpressoIDE_10.2.0_759\workspace\lpc_chip_175x_6x\Debug\liblpc_chip_175x_6x.a(clock_17xx_40xx.o)
                0x000015bc                Chip_Clock_EnablePLL
 .text.Chip_Clock_DisablePLL
                0x00001600       0x48 C:\Users\Alvaro\Documents\MCUXpressoIDE_10.2.0_759\workspace\lpc_chip_175x_6x\Debug\liblpc_chip_175x_6x.a(clock_17xx_40xx.o)
                0x00001600                Chip_Clock_DisablePLL
 .text.Chip_Clock_SetupPLL
                0x00001648       0x5c C:\Users\Alvaro\Documents\MCUXpressoIDE_10.2.0_759\workspace\lpc_chip_175x_6x\Debug\liblpc_chip_175x_6x.a(clock_17xx_40xx.o)
                0x00001648                Chip_Clock_SetupPLL
 .text.Chip_Clock_EnablePeriphClock
                0x000016a4       0x34 C:\Users\Alvaro\Documents\MCUXpressoIDE_10.2.0_759\workspace\lpc_chip_175x_6x\Debug\liblpc_chip_175x_6x.a(clock_17xx_40xx.o)
                0x000016a4                Chip_Clock_EnablePeriphClock
 .text.Chip_Clock_GetCPUClockSource
                0x000016d8       0x24 C:\Users\Alvaro\Documents\MCUXpressoIDE_10.2.0_759\workspace\lpc_chip_175x_6x\Debug\liblpc_chip_175x_6x.a(clock_17xx_40xx.o)
                0x000016d8                Chip_Clock_GetCPUClockSource
 .text.Chip_Clock_SetCPUClockDiv
                0x000016fc       0x20 C:\Users\Alvaro\Documents\MCUXpressoIDE_10.2.0_759\workspace\lpc_chip_175x_6x\Debug\liblpc_chip_175x_6x.a(clock_17xx_40xx.o)
                0x000016fc                Chip_Clock_SetCPUClockDiv
 .text.Chip_Clock_GetCPUClockDiv
                0x0000171c       0x1c C:\Users\Alvaro\Documents\MCUXpressoIDE_10.2.0_759\workspace\lpc_chip_175x_6x\Debug\liblpc_chip_175x_6x.a(clock_17xx_40xx.o)
                0x0000171c                Chip_Clock_GetCPUClockDiv
 .text.Chip_Clock_GetPCLKDiv
                0x00001738       0x8c C:\Users\Alvaro\Documents\MCUXpressoIDE_10.2.0_759\workspace\lpc_chip_175x_6x\Debug\liblpc_chip_175x_6x.a(clock_17xx_40xx.o)
                0x00001738                Chip_Clock_GetPCLKDiv
 .text.Chip_Clock_GetSYSCLKRate
                0x000017c4       0x34 C:\Users\Alvaro\Documents\MCUXpressoIDE_10.2.0_759\workspace\lpc_chip_175x_6x\Debug\liblpc_chip_175x_6x.a(clock_17xx_40xx.o)
                0x000017c4                Chip_Clock_GetSYSCLKRate
 .text.Chip_Clock_GetMainPLLOutClockRate
                0x000017f8       0x54 C:\Users\Alvaro\Documents\MCUXpressoIDE_10.2.0_759\workspace\lpc_chip_175x_6x\Debug\liblpc_chip_175x_6x.a(clock_17xx_40xx.o)
                0x000017f8                Chip_Clock_GetMainPLLOutClockRate
 .text.Chip_Clock_GetMainClockRate
                0x0000184c       0x28 C:\Users\Alvaro\Documents\MCUXpressoIDE_10.2.0_759\workspace\lpc_chip_175x_6x\Debug\liblpc_chip_175x_6x.a(clock_17xx_40xx.o)
                0x0000184c                Chip_Clock_GetMainClockRate
 .text.Chip_Clock_GetSystemClockRate
                0x00001874       0x18 C:\Users\Alvaro\Documents\MCUXpressoIDE_10.2.0_759\workspace\lpc_chip_175x_6x\Debug\liblpc_chip_175x_6x.a(clock_17xx_40xx.o)
                0x00001874                Chip_Clock_GetSystemClockRate
 .text.Chip_Clock_GetPeripheralClockRate
                0x0000188c       0x26 C:\Users\Alvaro\Documents\MCUXpressoIDE_10.2.0_759\workspace\lpc_chip_175x_6x\Debug\liblpc_chip_175x_6x.a(clock_17xx_40xx.o)
                0x0000188c                Chip_Clock_GetPeripheralClockRate
 .text.Chip_IOCON_PinMuxSet
                0x000018b2       0x36 C:\Users\Alvaro\Documents\MCUXpressoIDE_10.2.0_759\workspace\lpc_chip_175x_6x\Debug\liblpc_chip_175x_6x.a(iocon_17xx_40xx.o)
                0x000018b2                Chip_IOCON_PinMuxSet
 .text.Chip_IOCON_PinMux
                0x000018e8       0x94 C:\Users\Alvaro\Documents\MCUXpressoIDE_10.2.0_759\workspace\lpc_chip_175x_6x\Debug\liblpc_chip_175x_6x.a(iocon_17xx_40xx.o)
                0x000018e8                Chip_IOCON_PinMux
 .text.Chip_IOCON_SetPinMuxing
                0x0000197c       0x62 C:\Users\Alvaro\Documents\MCUXpressoIDE_10.2.0_759\workspace\lpc_chip_175x_6x\Debug\liblpc_chip_175x_6x.a(iocon_17xx_40xx.o)
                0x0000197c                Chip_IOCON_SetPinMuxing
 *fill*         0x000019de        0x2 ff
 .text.Chip_Clock_IsMainPLLEnabled
                0x000019e0       0x24 C:\Users\Alvaro\Documents\MCUXpressoIDE_10.2.0_759\workspace\lpc_chip_175x_6x\Debug\liblpc_chip_175x_6x.a(sysinit_17xx_40xx.o)
 .text.Chip_Clock_IsMainPLLLocked
                0x00001a04       0x24 C:\Users\Alvaro\Documents\MCUXpressoIDE_10.2.0_759\workspace\lpc_chip_175x_6x\Debug\liblpc_chip_175x_6x.a(sysinit_17xx_40xx.o)
 .text.Chip_Clock_IsMainPLLConnected
                0x00001a28       0x24 C:\Users\Alvaro\Documents\MCUXpressoIDE_10.2.0_759\workspace\lpc_chip_175x_6x\Debug\liblpc_chip_175x_6x.a(sysinit_17xx_40xx.o)
 .text.Chip_Clock_EnableCrystal
                0x00001a4c       0x20 C:\Users\Alvaro\Documents\MCUXpressoIDE_10.2.0_759\workspace\lpc_chip_175x_6x\Debug\liblpc_chip_175x_6x.a(sysinit_17xx_40xx.o)
 .text.Chip_Clock_IsCrystalEnabled
                0x00001a6c       0x24 C:\Users\Alvaro\Documents\MCUXpressoIDE_10.2.0_759\workspace\lpc_chip_175x_6x\Debug\liblpc_chip_175x_6x.a(sysinit_17xx_40xx.o)
 .text.Chip_Clock_SetMainPLLSource
                0x00001a90       0x20 C:\Users\Alvaro\Documents\MCUXpressoIDE_10.2.0_759\workspace\lpc_chip_175x_6x\Debug\liblpc_chip_175x_6x.a(sysinit_17xx_40xx.o)
 .text.Chip_SetupXtalClocking
                0x00001ab0       0x90 C:\Users\Alvaro\Documents\MCUXpressoIDE_10.2.0_759\workspace\lpc_chip_175x_6x\Debug\liblpc_chip_175x_6x.a(sysinit_17xx_40xx.o)
                0x00001ab0                Chip_SetupXtalClocking
 .text.Chip_UART_SetupFIFOS
                0x00001b40       0x1a C:\Users\Alvaro\Documents\MCUXpressoIDE_10.2.0_759\workspace\lpc_chip_175x_6x\Debug\liblpc_chip_175x_6x.a(uart_17xx_40xx.o)
 .text.Chip_UART_ConfigData
                0x00001b5a       0x1a C:\Users\Alvaro\Documents\MCUXpressoIDE_10.2.0_759\workspace\lpc_chip_175x_6x\Debug\liblpc_chip_175x_6x.a(uart_17xx_40xx.o)
 .text.Chip_UART_EnableDivisorAccess
                0x00001b74       0x1e C:\Users\Alvaro\Documents\MCUXpressoIDE_10.2.0_759\workspace\lpc_chip_175x_6x\Debug\liblpc_chip_175x_6x.a(uart_17xx_40xx.o)
 .text.Chip_UART_DisableDivisorAccess
                0x00001b92       0x1e C:\Users\Alvaro\Documents\MCUXpressoIDE_10.2.0_759\workspace\lpc_chip_175x_6x\Debug\liblpc_chip_175x_6x.a(uart_17xx_40xx.o)
 .text.Chip_UART_SetDivisorLatches
                0x00001bb0       0x26 C:\Users\Alvaro\Documents\MCUXpressoIDE_10.2.0_759\workspace\lpc_chip_175x_6x\Debug\liblpc_chip_175x_6x.a(uart_17xx_40xx.o)
 *fill*         0x00001bd6        0x2 ff
 .text.Chip_UART_GetClockIndex
                0x00001bd8       0x50 C:\Users\Alvaro\Documents\MCUXpressoIDE_10.2.0_759\workspace\lpc_chip_175x_6x\Debug\liblpc_chip_175x_6x.a(uart_17xx_40xx.o)
 .text.Chip_UART_GetClkIndex
                0x00001c28       0x50 C:\Users\Alvaro\Documents\MCUXpressoIDE_10.2.0_759\workspace\lpc_chip_175x_6x\Debug\liblpc_chip_175x_6x.a(uart_17xx_40xx.o)
 .text.Chip_UART_Init
                0x00001c78       0x78 C:\Users\Alvaro\Documents\MCUXpressoIDE_10.2.0_759\workspace\lpc_chip_175x_6x\Debug\liblpc_chip_175x_6x.a(uart_17xx_40xx.o)
                0x00001c78                Chip_UART_Init
 .text.Chip_UART_TXEnable
                0x00001cf0       0x18 C:\Users\Alvaro\Documents\MCUXpressoIDE_10.2.0_759\workspace\lpc_chip_175x_6x\Debug\liblpc_chip_175x_6x.a(uart_17xx_40xx.o)
                0x00001cf0                Chip_UART_TXEnable
 .text.Chip_UART_TXDisable
                0x00001d08       0x18 C:\Users\Alvaro\Documents\MCUXpressoIDE_10.2.0_759\workspace\lpc_chip_175x_6x\Debug\liblpc_chip_175x_6x.a(uart_17xx_40xx.o)
                0x00001d08                Chip_UART_TXDisable
 .text.Chip_UART_SetBaud
                0x00001d20       0x62 C:\Users\Alvaro\Documents\MCUXpressoIDE_10.2.0_759\workspace\lpc_chip_175x_6x\Debug\liblpc_chip_175x_6x.a(uart_17xx_40xx.o)
                0x00001d20                Chip_UART_SetBaud
 .text.__main   0x00001d82        0xe c:/nxp/mcuxpressoide_10.2.0_759/ide/tools/bin/../lib/gcc/arm-none-eabi/7.2.1/../../../../arm-none-eabi/lib/thumb/v7-m\libcr_nohost.a(_cr__main.o)
                0x00001d82                __main
 .text.memset   0x00001d90        0x4 c:/nxp/mcuxpressoide_10.2.0_759/ide/tools/bin/../lib/gcc/arm-none-eabi/7.2.1/../../../../arm-none-eabi/lib/thumb/v7-m\libcr_c.a(memset.o)
                0x00001d90                memset
 .text.malloc   0x00001d94       0xc8 c:/nxp/mcuxpressoide_10.2.0_759/ide/tools/bin/../lib/gcc/arm-none-eabi/7.2.1/../../../../arm-none-eabi/lib/thumb/v7-m\libcr_c.a(alloc.o)
                0x00001d94                malloc
 .text.free     0x00001e5c       0x30 c:/nxp/mcuxpressoide_10.2.0_759/ide/tools/bin/../lib/gcc/arm-none-eabi/7.2.1/../../../../arm-none-eabi/lib/thumb/v7-m\libcr_c.a(alloc.o)
                0x00001e5c                free
 .text._Csys_alloc
                0x00001e8c       0x20 c:/nxp/mcuxpressoide_10.2.0_759/ide/tools/bin/../lib/gcc/arm-none-eabi/7.2.1/../../../../arm-none-eabi/lib/thumb/v7-m\libcr_c.a(alloc.o)
                0x00001e8c                _Csys_alloc
 .text.fp_round
                0x00001eac       0x4c c:/nxp/mcuxpressoide_10.2.0_759/ide/tools/bin/../lib/gcc/arm-none-eabi/7.2.1/../../../../arm-none-eabi/lib/thumb/v7-m\libcr_c.a(fpprintf.o)
 .text.pr_dec.constprop.1
                0x00001ef8       0x26 c:/nxp/mcuxpressoide_10.2.0_759/ide/tools/bin/../lib/gcc/arm-none-eabi/7.2.1/../../../../arm-none-eabi/lib/thumb/v7-m\libcr_c.a(fpprintf.o)
 *fill*         0x00001f1e        0x2 ff
 .text.sprintf  0x00001f20       0x6c c:/nxp/mcuxpressoide_10.2.0_759/ide/tools/bin/../lib/gcc/arm-none-eabi/7.2.1/../../../../arm-none-eabi/lib/thumb/v7-m\libcr_c.a(fpprintf.o)
                0x00001f20                sprintf
 *fill*         0x00001f8c        0x4 ff
 .text.fp_display
                0x00001f90      0x96c c:/nxp/mcuxpressoide_10.2.0_759/ide/tools/bin/../lib/gcc/arm-none-eabi/7.2.1/../../../../arm-none-eabi/lib/thumb/v7-m\libcr_c.a(fpprintf.o)
 .text.vsnprintf
                0x000028fc       0x5c c:/nxp/mcuxpressoide_10.2.0_759/ide/tools/bin/../lib/gcc/arm-none-eabi/7.2.1/../../../../arm-none-eabi/lib/thumb/v7-m\libcr_c.a(fpprintf.o)
                0x000028fc                vsnprintf
 .text.printf   0x00002958       0x54 c:/nxp/mcuxpressoide_10.2.0_759/ide/tools/bin/../lib/gcc/arm-none-eabi/7.2.1/../../../../arm-none-eabi/lib/thumb/v7-m\libcr_c.a(fpprintf.o)
                0x00002958                printf
 .text._initio  0x000029ac       0x78 c:/nxp/mcuxpressoide_10.2.0_759/ide/tools/bin/../lib/gcc/arm-none-eabi/7.2.1/../../../../arm-none-eabi/lib/thumb/v7-m\libcr_c.a(initio.o)
                0x000029ac                _initio
 .text.__vfprintf
                0x00002a24      0xb98 c:/nxp/mcuxpressoide_10.2.0_759/ide/tools/bin/../lib/gcc/arm-none-eabi/7.2.1/../../../../arm-none-eabi/lib/thumb/v7-m\libcr_c.a(printf.o)
                0x00002a24                __vfprintf
 .text.setvbuf  0x000035bc       0x40 c:/nxp/mcuxpressoide_10.2.0_759/ide/tools/bin/../lib/gcc/arm-none-eabi/7.2.1/../../../../arm-none-eabi/lib/thumb/v7-m\libcr_c.a(setvbuf.o)
                0x000035bc                setvbuf
 .text.strlen   0x000035fc       0x4a c:/nxp/mcuxpressoide_10.2.0_759/ide/tools/bin/../lib/gcc/arm-none-eabi/7.2.1/../../../../arm-none-eabi/lib/thumb/v7-m\libcr_c.a(strlen.o)
                0x000035fc                strlen
 *fill*         0x00003646        0x2 ff
 .text._sbrk    0x00003648       0x3c c:/nxp/mcuxpressoide_10.2.0_759/ide/tools/bin/../lib/gcc/arm-none-eabi/7.2.1/../../../../arm-none-eabi/lib/thumb/v7-m\libcr_c.a(_cr_sbrk.o)
                0x00003648                _sbrk
 .text._deferredlazyseek
                0x00003684       0x40 c:/nxp/mcuxpressoide_10.2.0_759/ide/tools/bin/../lib/gcc/arm-none-eabi/7.2.1/../../../../arm-none-eabi/lib/thumb/v7-m\libcr_c.a(_deferredlazyseek.o)
                0x00003684                _deferredlazyseek
 .text.__flsbuf
                0x000036c4      0x140 c:/nxp/mcuxpressoide_10.2.0_759/ide/tools/bin/../lib/gcc/arm-none-eabi/7.2.1/../../../../arm-none-eabi/lib/thumb/v7-m\libcr_c.a(_deferredlazyseek.o)
                0x000036c4                __flsbuf
 .text._fdopen  0x00003804       0x68 c:/nxp/mcuxpressoide_10.2.0_759/ide/tools/bin/../lib/gcc/arm-none-eabi/7.2.1/../../../../arm-none-eabi/lib/thumb/v7-m\libcr_c.a(_fdopen.o)
                0x00003804                _fdopen
 .text._fflush  0x0000386c       0x52 c:/nxp/mcuxpressoide_10.2.0_759/ide/tools/bin/../lib/gcc/arm-none-eabi/7.2.1/../../../../arm-none-eabi/lib/thumb/v7-m\libcr_c.a(_fflush.o)
                0x0000386c                _fflush
 .text._frexpl  0x000038be       0x56 c:/nxp/mcuxpressoide_10.2.0_759/ide/tools/bin/../lib/gcc/arm-none-eabi/7.2.1/../../../../arm-none-eabi/lib/thumb/v7-m\libcr_c.a(_frexpl.o)
                0x000038be                _frexpl
 .text._ldexpl  0x00003914       0x4c c:/nxp/mcuxpressoide_10.2.0_759/ide/tools/bin/../lib/gcc/arm-none-eabi/7.2.1/../../../../arm-none-eabi/lib/thumb/v7-m\libcr_c.a(_ldexpl.o)
                0x00003914                _ldexpl
 .text._Cwritebuf
                0x00003960       0x6c c:/nxp/mcuxpressoide_10.2.0_759/ide/tools/bin/../lib/gcc/arm-none-eabi/7.2.1/../../../../arm-none-eabi/lib/thumb/v7-m\libcr_c.a(_writebuf.o)
                0x00003960                _Cwritebuf
 .text.fclose   0x000039cc       0x58 c:/nxp/mcuxpressoide_10.2.0_759/ide/tools/bin/../lib/gcc/arm-none-eabi/7.2.1/../../../../arm-none-eabi/lib/thumb/v7-m\libcr_c.a(fclose.o)
                0x000039cc                fclose
 .text.fflush   0x00003a24       0x44 c:/nxp/mcuxpressoide_10.2.0_759/ide/tools/bin/../lib/gcc/arm-none-eabi/7.2.1/../../../../arm-none-eabi/lib/thumb/v7-m\libcr_c.a(fflush.o)
                0x00003a24                fflush
 .text.fseek    0x00003a68      0x100 c:/nxp/mcuxpressoide_10.2.0_759/ide/tools/bin/../lib/gcc/arm-none-eabi/7.2.1/../../../../arm-none-eabi/lib/thumb/v7-m\libcr_c.a(fseek.o)
                0x00003a68                fseek
 .text.ftell    0x00003b68       0x44 c:/nxp/mcuxpressoide_10.2.0_759/ide/tools/bin/../lib/gcc/arm-none-eabi/7.2.1/../../../../arm-none-eabi/lib/thumb/v7-m\libcr_c.a(ftell.o)
                0x00003b68                ftell
 .text.remove   0x00003bac       0x14 c:/nxp/mcuxpressoide_10.2.0_759/ide/tools/bin/../lib/gcc/arm-none-eabi/7.2.1/../../../../arm-none-eabi/lib/thumb/v7-m\libcr_c.a(remove.o)
                0x00003bac                remove
 .text.__check_heap_overflow
                0x00003bc0       0x18 c:/nxp/mcuxpressoide_10.2.0_759/ide/tools/bin/../lib/gcc/arm-none-eabi/7.2.1/../../../../arm-none-eabi/lib/thumb/v7-m\libcr_c.a(_cr_check_heap.o)
                0x00003bc0                __check_heap_overflow
 .text._do_fflush
                0x00003bd8       0x40 c:/nxp/mcuxpressoide_10.2.0_759/ide/tools/bin/../lib/gcc/arm-none-eabi/7.2.1/../../../../arm-none-eabi/lib/thumb/v7-m\libcr_c.a(_do_fflush.o)
                0x00003bd8                _do_fflush
 .text.__aeabi_dmul
                0x00003c18      0x10c c:/nxp/mcuxpressoide_10.2.0_759/ide/tools/bin/../lib/gcc/arm-none-eabi/7.2.1/thumb/v7-m\libcr_eabihelpers.a(double.o)
                0x00003c18                __aeabi_dmul
 .text.__aeabi_ddiv
                0x00003d24      0x130 c:/nxp/mcuxpressoide_10.2.0_759/ide/tools/bin/../lib/gcc/arm-none-eabi/7.2.1/thumb/v7-m\libcr_eabihelpers.a(double.o)
                0x00003d24                __aeabi_ddiv
 .text.__aeabi_dsub
                0x00003e54      0x1b0 c:/nxp/mcuxpressoide_10.2.0_759/ide/tools/bin/../lib/gcc/arm-none-eabi/7.2.1/thumb/v7-m\libcr_eabihelpers.a(double.o)
                0x00003e54                __aeabi_dsub
 .text.__aeabi_dadd
                0x00004004      0x10c c:/nxp/mcuxpressoide_10.2.0_759/ide/tools/bin/../lib/gcc/arm-none-eabi/7.2.1/thumb/v7-m\libcr_eabihelpers.a(double.o)
                0x00004004                __aeabi_dadd
 .text.__aeabi_d2iz
                0x00004110       0x40 c:/nxp/mcuxpressoide_10.2.0_759/ide/tools/bin/../lib/gcc/arm-none-eabi/7.2.1/thumb/v7-m\libcr_eabihelpers.a(double.o)
                0x00004110                __aeabi_d2iz
 .text.__bhs_ui2d
                0x00004150       0x46 c:/nxp/mcuxpressoide_10.2.0_759/ide/tools/bin/../lib/gcc/arm-none-eabi/7.2.1/thumb/v7-m\libcr_eabihelpers.a(double.o)
                0x00004150                __bhs_ui2d
 .text.__aeabi_i2d
                0x00004196       0x12 c:/nxp/mcuxpressoide_10.2.0_759/ide/tools/bin/../lib/gcc/arm-none-eabi/7.2.1/thumb/v7-m\libcr_eabihelpers.a(double.o)
                0x00004196                __aeabi_i2d
 .text.__aeabi_dcmpeq
                0x000041a8       0x2c c:/nxp/mcuxpressoide_10.2.0_759/ide/tools/bin/../lib/gcc/arm-none-eabi/7.2.1/thumb/v7-m\libcr_eabihelpers.a(double.o)
                0x000041a8                __aeabi_dcmpeq
 .text.__aeabi_dcmplt
                0x000041d4       0x54 c:/nxp/mcuxpressoide_10.2.0_759/ide/tools/bin/../lib/gcc/arm-none-eabi/7.2.1/thumb/v7-m\libcr_eabihelpers.a(double.o)
                0x000041d4                __aeabi_dcmplt
 .text.__aeabi_dcmple
                0x00004228       0x54 c:/nxp/mcuxpressoide_10.2.0_759/ide/tools/bin/../lib/gcc/arm-none-eabi/7.2.1/thumb/v7-m\libcr_eabihelpers.a(double.o)
                0x00004228                __aeabi_dcmple
 .text.__aeabi_dcmpge
                0x0000427c       0x54 c:/nxp/mcuxpressoide_10.2.0_759/ide/tools/bin/../lib/gcc/arm-none-eabi/7.2.1/thumb/v7-m\libcr_eabihelpers.a(double.o)
                0x0000427c                __aeabi_dcmpge
 .text.__aeabi_memset_lowlevel
                0x000042d0       0x32 c:/nxp/mcuxpressoide_10.2.0_759/ide/tools/bin/../lib/gcc/arm-none-eabi/7.2.1/thumb/v7-m\libcr_eabihelpers.a(memcpy.o)
                0x000042d0                __aeabi_lowlevel_memset
 .text.__sys_appexit
                0x00004302        0x2 c:/nxp/mcuxpressoide_10.2.0_759/ide/tools/bin/../lib/gcc/arm-none-eabi/7.2.1/../../../../arm-none-eabi/lib/thumb/v7-m\libcr_nohost.a(__sys_appexit.o)
                0x00004302                __sys_appexit
                0x00004302                __exit
 .text.__sys_close
                0x00004304        0x6 c:/nxp/mcuxpressoide_10.2.0_759/ide/tools/bin/../lib/gcc/arm-none-eabi/7.2.1/../../../../arm-none-eabi/lib/thumb/v7-m\libcr_nohost.a(__sys_close.o)
                0x00004304                __sys_close
 .text.__sys_flen
                0x0000430a        0x6 c:/nxp/mcuxpressoide_10.2.0_759/ide/tools/bin/../lib/gcc/arm-none-eabi/7.2.1/../../../../arm-none-eabi/lib/thumb/v7-m\libcr_nohost.a(__sys_flen.o)
                0x0000430a                __sys_flen
 .text.__sys_istty
                0x00004310        0x6 c:/nxp/mcuxpressoide_10.2.0_759/ide/tools/bin/../lib/gcc/arm-none-eabi/7.2.1/../../../../arm-none-eabi/lib/thumb/v7-m\libcr_nohost.a(__sys_istty.o)
                0x00004310                __sys_istty
 .text.__sys_remove
                0x00004316        0x6 c:/nxp/mcuxpressoide_10.2.0_759/ide/tools/bin/../lib/gcc/arm-none-eabi/7.2.1/../../../../arm-none-eabi/lib/thumb/v7-m\libcr_nohost.a(__sys_remove.o)
                0x00004316                __sys_remove
 .text.__sys_seek
                0x0000431c        0x6 c:/nxp/mcuxpressoide_10.2.0_759/ide/tools/bin/../lib/gcc/arm-none-eabi/7.2.1/../../../../arm-none-eabi/lib/thumb/v7-m\libcr_nohost.a(__sys_seek.o)
                0x0000431c                __sys_seek
 .text.__sys_tmpnam
                0x00004322        0x6 c:/nxp/mcuxpressoide_10.2.0_759/ide/tools/bin/../lib/gcc/arm-none-eabi/7.2.1/../../../../arm-none-eabi/lib/thumb/v7-m\libcr_nohost.a(__sys_tmpnam.o)
                0x00004322                __sys_tmpnam
 *(.rodata .rodata.* .constdata .constdata.*)
 .rodata        0x00004328        0x5 ./freertos/src/tasks.o
 *fill*         0x0000432d        0x3 ff
 .rodata        0x00004330       0x2e ./example/src/freertos_blinky.o
 *fill*         0x0000435e        0x2 ff
 .rodata.OscRateIn
                0x00004360        0x4 C:\Users\Alvaro\Documents\MCUXpressoIDE_10.2.0_759\workspace\lpc_board_nxp_lpcxpresso_1769\Debug\liblpc_board_nxp_lpcxpresso_1769.a(board.o)
                0x00004360                OscRateIn
 .rodata.RTCOscRateIn
                0x00004364        0x4 C:\Users\Alvaro\Documents\MCUXpressoIDE_10.2.0_759\workspace\lpc_board_nxp_lpcxpresso_1769\Debug\liblpc_board_nxp_lpcxpresso_1769.a(board.o)
                0x00004364                RTCOscRateIn
 .rodata.pinmuxing
                0x00004368       0x5c C:\Users\Alvaro\Documents\MCUXpressoIDE_10.2.0_759\workspace\lpc_board_nxp_lpcxpresso_1769\Debug\liblpc_board_nxp_lpcxpresso_1769.a(board_sysinit.o)
 .rodata._Csys_alloc.str1.1
                0x000043c4       0x18 c:/nxp/mcuxpressoide_10.2.0_759/ide/tools/bin/../lib/gcc/arm-none-eabi/7.2.1/../../../../arm-none-eabi/lib/thumb/v7-m\libcr_c.a(alloc.o)
 .rodata.fp_display.str1.1
                0x000043dc       0x34 c:/nxp/mcuxpressoide_10.2.0_759/ide/tools/bin/../lib/gcc/arm-none-eabi/7.2.1/../../../../arm-none-eabi/lib/thumb/v7-m\libcr_c.a(fpprintf.o)
                                 0x35 (size before relaxing)
 .rodata._initio.str1.1
                0x00004410        0x4 c:/nxp/mcuxpressoide_10.2.0_759/ide/tools/bin/../lib/gcc/arm-none-eabi/7.2.1/../../../../arm-none-eabi/lib/thumb/v7-m\libcr_c.a(initio.o)
 .rodata.__vfprintf.str1.1
                0x00004414       0x31 c:/nxp/mcuxpressoide_10.2.0_759/ide/tools/bin/../lib/gcc/arm-none-eabi/7.2.1/../../../../arm-none-eabi/lib/thumb/v7-m\libcr_c.a(printf.o)
                                 0x38 (size before relaxing)
 *fill*         0x00004445        0x3 ff
 .rodata.__huge_vall
                0x00004448        0x8 c:/nxp/mcuxpressoide_10.2.0_759/ide/tools/bin/../lib/gcc/arm-none-eabi/7.2.1/../../../../arm-none-eabi/lib/thumb/v7-m\libcr_c.a(_hugeval.o)
                0x00004448                __huge_vall
 .rodata.__num_Ciob_streams
                0x00004450        0x4 c:/nxp/mcuxpressoide_10.2.0_759/ide/tools/bin/../lib/gcc/arm-none-eabi/7.2.1/../../../../arm-none-eabi/lib/thumb/v7-m\libcr_nohost.a(__ciob.o)
                0x00004450                __num_Ciob_streams
                0x00004454                . = ALIGN (0x4)

.glue_7         0x00004454        0x0
 .glue_7        0x00004454        0x0 linker stubs

.glue_7t        0x00004454        0x0
 .glue_7t       0x00004454        0x0 linker stubs

.vfp11_veneer   0x00004454        0x0
 .vfp11_veneer  0x00004454        0x0 linker stubs

.v4_bx          0x00004454        0x0
 .v4_bx         0x00004454        0x0 linker stubs

.iplt           0x00004454        0x0
 .iplt          0x00004454        0x0 ./freertos/src/FreeRTOSCommonHooks.o

.rel.dyn        0x00004454        0x0
 .rel.iplt      0x00004454        0x0 ./freertos/src/FreeRTOSCommonHooks.o

.ARM.extab
 *(.ARM.extab* .gnu.linkonce.armextab.*)
                0x00004454                __exidx_start = .

.ARM.exidx
 *(.ARM.exidx* .gnu.linkonce.armexidx.*)
                0x00004454                __exidx_end = .
                0x00004454                _etext = .

.data_RAM2      0x2007c000        0x0 load address 0x00004454
 FILL mask 0xff
                [!provide]                PROVIDE (__start_data_RAM2, .)
 *(.ramfunc.$RAM2)
 *(.ramfunc.$RamAHB32)
 *(.data.$RAM2*)
 *(.data.$RamAHB32*)
                0x2007c000                . = ALIGN (0x4)
                [!provide]                PROVIDE (__end_data_RAM2, .)

.uninit_RESERVED
                0x10000000        0x0
 *(.bss.$RESERVED*)
                0x10000000                . = ALIGN (0x4)
                0x10000000                _end_uninit_RESERVED = .

.data           0x10000000        0x8 load address 0x00004454
 FILL mask 0xff
                0x10000000                _data = .
 *(vtable)
 *(.ramfunc*)
 *(.data*)
 .data.uxCriticalNesting
                0x10000000        0x4 ./freertos/src/port.o
 .data.xNextTaskUnblockTime
                0x10000004        0x4 ./freertos/src/tasks.o
                0x10000008                . = ALIGN (0x4)
                0x10000008                _edata = .

.igot.plt       0x10000008        0x0 load address 0x0000445c
 .igot.plt      0x10000008        0x0 ./freertos/src/FreeRTOSCommonHooks.o

.bss_RAM2       0x2007c000        0x0
                [!provide]                PROVIDE (__start_bss_RAM2, .)
 *(.bss.$RAM2*)
 *(.bss.$RamAHB32*)
                0x2007c000                . = ALIGN ((. != 0x0)?0x4:0x1)
                [!provide]                PROVIDE (__end_bss_RAM2, .)

.bss            0x10000008      0x334
                0x10000008                _bss = .
 *(.bss*)
 .bss.ulTimerCountsForOneTick
                0x10000008        0x4 ./freertos/src/port.o
 .bss.xMaximumPossibleSuppressedTicks
                0x1000000c        0x4 ./freertos/src/port.o
 .bss.ulStoppedTimerCompensation
                0x10000010        0x4 ./freertos/src/port.o
 .bss.pxCurrentTCB
                0x10000014        0x4 ./freertos/src/tasks.o
                0x10000014                pxCurrentTCB
 .bss.pxReadyTasksLists
                0x10000018       0xa0 ./freertos/src/tasks.o
 .bss.xDelayedTaskList1
                0x100000b8       0x14 ./freertos/src/tasks.o
 .bss.xDelayedTaskList2
                0x100000cc       0x14 ./freertos/src/tasks.o
 .bss.pxDelayedTaskList
                0x100000e0        0x4 ./freertos/src/tasks.o
 .bss.pxOverflowDelayedTaskList
                0x100000e4        0x4 ./freertos/src/tasks.o
 .bss.xPendingReadyList
                0x100000e8       0x14 ./freertos/src/tasks.o
 .bss.xTasksWaitingTermination
                0x100000fc       0x14 ./freertos/src/tasks.o
 .bss.uxTasksDeleted
                0x10000110        0x4 ./freertos/src/tasks.o
 .bss.xSuspendedTaskList
                0x10000114       0x14 ./freertos/src/tasks.o
 .bss.uxCurrentNumberOfTasks
                0x10000128        0x4 ./freertos/src/tasks.o
 .bss.xTickCount
                0x1000012c        0x4 ./freertos/src/tasks.o
 .bss.uxTopReadyPriority
                0x10000130        0x4 ./freertos/src/tasks.o
 .bss.xSchedulerRunning
                0x10000134        0x4 ./freertos/src/tasks.o
 .bss.uxSchedulerSuspended
                0x10000138        0x4 ./freertos/src/tasks.o
 .bss.uxPendedTicks
                0x1000013c        0x4 ./freertos/src/tasks.o
 .bss.xYieldPending
                0x10000140        0x4 ./freertos/src/tasks.o
 .bss.xNumOfOverflows
                0x10000144        0x4 ./freertos/src/tasks.o
 .bss.uxTaskNumber
                0x10000148        0x4 ./freertos/src/tasks.o
 .bss.__end_of_heap
                0x1000014c        0x4 c:/nxp/mcuxpressoide_10.2.0_759/ide/tools/bin/../lib/gcc/arm-none-eabi/7.2.1/../../../../arm-none-eabi/lib/thumb/v7-m\libcr_c.a(__init_alloc.o)
                0x1000014c                __end_of_heap
 .bss.__heaps   0x10000150        0x4 c:/nxp/mcuxpressoide_10.2.0_759/ide/tools/bin/../lib/gcc/arm-none-eabi/7.2.1/../../../../arm-none-eabi/lib/thumb/v7-m\libcr_c.a(__init_alloc.o)
                0x10000150                __heaps
 .bss.errno     0x10000154        0x4 c:/nxp/mcuxpressoide_10.2.0_759/ide/tools/bin/../lib/gcc/arm-none-eabi/7.2.1/../../../../arm-none-eabi/lib/thumb/v7-m\libcr_c.a(errno.o)
                0x10000154                errno
 .bss.__Ciob    0x10000158      0x1e0 c:/nxp/mcuxpressoide_10.2.0_759/ide/tools/bin/../lib/gcc/arm-none-eabi/7.2.1/../../../../arm-none-eabi/lib/thumb/v7-m\libcr_nohost.a(__ciob.o)
                0x10000158                __Ciob
 *(COMMON)
 COMMON         0x10000338        0x4 C:\Users\Alvaro\Documents\MCUXpressoIDE_10.2.0_759\workspace\lpc_chip_175x_6x\Debug\liblpc_chip_175x_6x.a(chip_17xx_40xx.o)
                0x10000338                SystemCoreClock
                0x1000033c                . = ALIGN (0x4)
                0x1000033c                _ebss = .
                [!provide]                PROVIDE (end, .)

.noinit_RAM2    0x2007c000        0x0
 *(.noinit.$RAM2*)
 *(.noinit.$RamAHB32*)
                0x2007c000                . = ALIGN (0x4)

.noinit         0x1000033c        0x0
                0x1000033c                _noinit = .
 *(.noinit*)
                0x1000033c                . = ALIGN (0x4)
                0x1000033c                _end_noinit = .
                0x1000033c                PROVIDE (_pvHeapStart, DEFINED (__user_heap_base)?__user_heap_base:.)
                0x10008000                PROVIDE (_vStackTop, DEFINED (__user_stack_top)?__user_stack_top:(__top_RamLoc32 - 0x0))
                [!provide]                PROVIDE (__valid_user_code_checksum, (0x0 - ((((((_vStackTop + (ResetISR + 0x1)) + (NMI_Handler + 0x1)) + (HardFault_Handler + 0x1)) + (DEFINED (MemManage_Handler)?MemManage_Handler:0x0 + 0x1)) + (DEFINED (BusFault_Handler)?BusFault_Handler:0x0 + 0x1)) + (DEFINED (UsageFault_Handler)?UsageFault_Handler:0x0 + 0x1))))
                0x00000000                _image_start = LOADADDR (.text)
                0x0000445c                _image_end = (LOADADDR (.data) + SIZEOF (.data))
                0x0000445c                _image_size = (_image_end - _image_start)
OUTPUT(freertos_blinky.axf elf32-littlearm)

.debug_info     0x00000000     0x6c1c
 .debug_info    0x00000000      0x2d0 ./freertos/src/FreeRTOSCommonHooks.o
 .debug_info    0x000002d0      0x261 ./freertos/src/heap_3.o
 .debug_info    0x00000531      0x3fc ./freertos/src/list.o
 .debug_info    0x0000092d      0x4ff ./freertos/src/port.o
 .debug_info    0x00000e2c     0x132c ./freertos/src/tasks.o
 .debug_info    0x00002158      0x251 ./example/src/cr_startup_lpc175x_6x.o
 .debug_info    0x000023a9      0x2d3 ./example/src/freertos_blinky.o
 .debug_info    0x0000267c      0x232 ./example/src/sysinit.o
 .debug_info    0x000028ae     0x150a C:\Users\Alvaro\Documents\MCUXpressoIDE_10.2.0_759\workspace\lpc_board_nxp_lpcxpresso_1769\Debug\liblpc_board_nxp_lpcxpresso_1769.a(board.o)
 .debug_info    0x00003db8      0x6c3 C:\Users\Alvaro\Documents\MCUXpressoIDE_10.2.0_759\workspace\lpc_board_nxp_lpcxpresso_1769\Debug\liblpc_board_nxp_lpcxpresso_1769.a(board_sysinit.o)
 .debug_info    0x0000447b      0x558 C:\Users\Alvaro\Documents\MCUXpressoIDE_10.2.0_759\workspace\lpc_chip_175x_6x\Debug\liblpc_chip_175x_6x.a(chip_17xx_40xx.o)
 .debug_info    0x000049d3      0xba2 C:\Users\Alvaro\Documents\MCUXpressoIDE_10.2.0_759\workspace\lpc_chip_175x_6x\Debug\liblpc_chip_175x_6x.a(clock_17xx_40xx.o)
 .debug_info    0x00005575      0x31e C:\Users\Alvaro\Documents\MCUXpressoIDE_10.2.0_759\workspace\lpc_chip_175x_6x\Debug\liblpc_chip_175x_6x.a(iocon_17xx_40xx.o)
 .debug_info    0x00005893      0x474 C:\Users\Alvaro\Documents\MCUXpressoIDE_10.2.0_759\workspace\lpc_chip_175x_6x\Debug\liblpc_chip_175x_6x.a(sysinit_17xx_40xx.o)
 .debug_info    0x00005d07      0xf15 C:\Users\Alvaro\Documents\MCUXpressoIDE_10.2.0_759\workspace\lpc_chip_175x_6x\Debug\liblpc_chip_175x_6x.a(uart_17xx_40xx.o)

.debug_abbrev   0x00000000     0x1a95
 .debug_abbrev  0x00000000      0x165 ./freertos/src/FreeRTOSCommonHooks.o
 .debug_abbrev  0x00000165      0x117 ./freertos/src/heap_3.o
 .debug_abbrev  0x0000027c      0x122 ./freertos/src/list.o
 .debug_abbrev  0x0000039e      0x21b ./freertos/src/port.o
 .debug_abbrev  0x000005b9      0x254 ./freertos/src/tasks.o
 .debug_abbrev  0x0000080d      0x103 ./example/src/cr_startup_lpc175x_6x.o
 .debug_abbrev  0x00000910      0x11c ./example/src/freertos_blinky.o
 .debug_abbrev  0x00000a2c       0xdd ./example/src/sysinit.o
 .debug_abbrev  0x00000b09      0x3c8 C:\Users\Alvaro\Documents\MCUXpressoIDE_10.2.0_759\workspace\lpc_board_nxp_lpcxpresso_1769\Debug\liblpc_board_nxp_lpcxpresso_1769.a(board.o)
 .debug_abbrev  0x00000ed1      0x180 C:\Users\Alvaro\Documents\MCUXpressoIDE_10.2.0_759\workspace\lpc_board_nxp_lpcxpresso_1769\Debug\liblpc_board_nxp_lpcxpresso_1769.a(board_sysinit.o)
 .debug_abbrev  0x00001051      0x151 C:\Users\Alvaro\Documents\MCUXpressoIDE_10.2.0_759\workspace\lpc_chip_175x_6x\Debug\liblpc_chip_175x_6x.a(chip_17xx_40xx.o)
 .debug_abbrev  0x000011a2      0x309 C:\Users\Alvaro\Documents\MCUXpressoIDE_10.2.0_759\workspace\lpc_chip_175x_6x\Debug\liblpc_chip_175x_6x.a(clock_17xx_40xx.o)
 .debug_abbrev  0x000014ab      0x14a C:\Users\Alvaro\Documents\MCUXpressoIDE_10.2.0_759\workspace\lpc_chip_175x_6x\Debug\liblpc_chip_175x_6x.a(iocon_17xx_40xx.o)
 .debug_abbrev  0x000015f5      0x18e C:\Users\Alvaro\Documents\MCUXpressoIDE_10.2.0_759\workspace\lpc_chip_175x_6x\Debug\liblpc_chip_175x_6x.a(sysinit_17xx_40xx.o)
 .debug_abbrev  0x00001783      0x312 C:\Users\Alvaro\Documents\MCUXpressoIDE_10.2.0_759\workspace\lpc_chip_175x_6x\Debug\liblpc_chip_175x_6x.a(uart_17xx_40xx.o)

.debug_aranges  0x00000000      0x830
 .debug_aranges
                0x00000000       0x40 ./freertos/src/FreeRTOSCommonHooks.o
 .debug_aranges
                0x00000040       0x28 ./freertos/src/heap_3.o
 .debug_aranges
                0x00000068       0x40 ./freertos/src/list.o
 .debug_aranges
                0x000000a8       0x90 ./freertos/src/port.o
 .debug_aranges
                0x00000138      0x170 ./freertos/src/tasks.o
 .debug_aranges
                0x000002a8       0x80 ./example/src/cr_startup_lpc175x_6x.o
 .debug_aranges
                0x00000328       0x40 ./example/src/freertos_blinky.o
 .debug_aranges
                0x00000368       0x20 ./example/src/sysinit.o
 .debug_aranges
                0x00000388      0x160 C:\Users\Alvaro\Documents\MCUXpressoIDE_10.2.0_759\workspace\lpc_board_nxp_lpcxpresso_1769\Debug\liblpc_board_nxp_lpcxpresso_1769.a(board.o)
 .debug_aranges
                0x000004e8       0x38 C:\Users\Alvaro\Documents\MCUXpressoIDE_10.2.0_759\workspace\lpc_board_nxp_lpcxpresso_1769\Debug\liblpc_board_nxp_lpcxpresso_1769.a(board_sysinit.o)
 .debug_aranges
                0x00000520       0x38 C:\Users\Alvaro\Documents\MCUXpressoIDE_10.2.0_759\workspace\lpc_chip_175x_6x\Debug\liblpc_chip_175x_6x.a(chip_17xx_40xx.o)
 .debug_aranges
                0x00000558      0x120 C:\Users\Alvaro\Documents\MCUXpressoIDE_10.2.0_759\workspace\lpc_chip_175x_6x\Debug\liblpc_chip_175x_6x.a(clock_17xx_40xx.o)
 .debug_aranges
                0x00000678       0x30 C:\Users\Alvaro\Documents\MCUXpressoIDE_10.2.0_759\workspace\lpc_chip_175x_6x\Debug\liblpc_chip_175x_6x.a(iocon_17xx_40xx.o)
 .debug_aranges
                0x000006a8       0x60 C:\Users\Alvaro\Documents\MCUXpressoIDE_10.2.0_759\workspace\lpc_chip_175x_6x\Debug\liblpc_chip_175x_6x.a(sysinit_17xx_40xx.o)
 .debug_aranges
                0x00000708      0x128 C:\Users\Alvaro\Documents\MCUXpressoIDE_10.2.0_759\workspace\lpc_chip_175x_6x\Debug\liblpc_chip_175x_6x.a(uart_17xx_40xx.o)

.debug_ranges   0x00000000      0x740
 .debug_ranges  0x00000000       0x30 ./freertos/src/FreeRTOSCommonHooks.o
 .debug_ranges  0x00000030       0x18 ./freertos/src/heap_3.o
 .debug_ranges  0x00000048       0x30 ./freertos/src/list.o
 .debug_ranges  0x00000078       0x80 ./freertos/src/port.o
 .debug_ranges  0x000000f8      0x160 ./freertos/src/tasks.o
 .debug_ranges  0x00000258       0x70 ./example/src/cr_startup_lpc175x_6x.o
 .debug_ranges  0x000002c8       0x30 ./example/src/freertos_blinky.o
 .debug_ranges  0x000002f8       0x10 ./example/src/sysinit.o
 .debug_ranges  0x00000308      0x150 C:\Users\Alvaro\Documents\MCUXpressoIDE_10.2.0_759\workspace\lpc_board_nxp_lpcxpresso_1769\Debug\liblpc_board_nxp_lpcxpresso_1769.a(board.o)
 .debug_ranges  0x00000458       0x28 C:\Users\Alvaro\Documents\MCUXpressoIDE_10.2.0_759\workspace\lpc_board_nxp_lpcxpresso_1769\Debug\liblpc_board_nxp_lpcxpresso_1769.a(board_sysinit.o)
 .debug_ranges  0x00000480       0x28 C:\Users\Alvaro\Documents\MCUXpressoIDE_10.2.0_759\workspace\lpc_chip_175x_6x\Debug\liblpc_chip_175x_6x.a(chip_17xx_40xx.o)
 .debug_ranges  0x000004a8      0x110 C:\Users\Alvaro\Documents\MCUXpressoIDE_10.2.0_759\workspace\lpc_chip_175x_6x\Debug\liblpc_chip_175x_6x.a(clock_17xx_40xx.o)
 .debug_ranges  0x000005b8       0x20 C:\Users\Alvaro\Documents\MCUXpressoIDE_10.2.0_759\workspace\lpc_chip_175x_6x\Debug\liblpc_chip_175x_6x.a(iocon_17xx_40xx.o)
 .debug_ranges  0x000005d8       0x50 C:\Users\Alvaro\Documents\MCUXpressoIDE_10.2.0_759\workspace\lpc_chip_175x_6x\Debug\liblpc_chip_175x_6x.a(sysinit_17xx_40xx.o)
 .debug_ranges  0x00000628      0x118 C:\Users\Alvaro\Documents\MCUXpressoIDE_10.2.0_759\workspace\lpc_chip_175x_6x\Debug\liblpc_chip_175x_6x.a(uart_17xx_40xx.o)

.debug_macro    0x00000000     0x625f
 .debug_macro   0x00000000      0x29c ./freertos/src/FreeRTOSCommonHooks.o
 .debug_macro   0x0000029c      0xa66 ./freertos/src/FreeRTOSCommonHooks.o
 .debug_macro   0x00000d02       0x10 ./freertos/src/FreeRTOSCommonHooks.o
 .debug_macro   0x00000d12      0x12d ./freertos/src/FreeRTOSCommonHooks.o
 .debug_macro   0x00000e3f       0x16 ./freertos/src/FreeRTOSCommonHooks.o
 .debug_macro   0x00000e55       0x46 ./freertos/src/FreeRTOSCommonHooks.o
 .debug_macro   0x00000e9b      0x5b2 ./freertos/src/FreeRTOSCommonHooks.o
 .debug_macro   0x0000144d       0x22 ./freertos/src/FreeRTOSCommonHooks.o
 .debug_macro   0x0000146f       0x74 ./freertos/src/FreeRTOSCommonHooks.o
 .debug_macro   0x000014e3       0x10 ./freertos/src/FreeRTOSCommonHooks.o
 .debug_macro   0x000014f3       0x2d ./freertos/src/FreeRTOSCommonHooks.o
 .debug_macro   0x00001520       0x3a ./freertos/src/FreeRTOSCommonHooks.o
 .debug_macro   0x0000155a       0x2d ./freertos/src/FreeRTOSCommonHooks.o
 .debug_macro   0x00001587      0xbb1 ./freertos/src/FreeRTOSCommonHooks.o
 .debug_macro   0x00002138      0x22c ./freertos/src/FreeRTOSCommonHooks.o
 .debug_macro   0x00002364       0x42 ./freertos/src/FreeRTOSCommonHooks.o
 .debug_macro   0x000023a6       0x52 ./freertos/src/FreeRTOSCommonHooks.o
 .debug_macro   0x000023f8       0x78 ./freertos/src/FreeRTOSCommonHooks.o
 .debug_macro   0x00002470       0x82 ./freertos/src/FreeRTOSCommonHooks.o
 .debug_macro   0x000024f2      0x48c ./freertos/src/FreeRTOSCommonHooks.o
 .debug_macro   0x0000297e       0x34 ./freertos/src/FreeRTOSCommonHooks.o
 .debug_macro   0x000029b2      0x4c5 ./freertos/src/FreeRTOSCommonHooks.o
 .debug_macro   0x00002e77      0x1b7 ./freertos/src/FreeRTOSCommonHooks.o
 .debug_macro   0x0000302e       0x10 ./freertos/src/FreeRTOSCommonHooks.o
 .debug_macro   0x0000303e      0x21b ./freertos/src/FreeRTOSCommonHooks.o
 .debug_macro   0x00003259      0x1b9 ./freertos/src/FreeRTOSCommonHooks.o
 .debug_macro   0x00003412       0x40 ./freertos/src/FreeRTOSCommonHooks.o
 .debug_macro   0x00003452       0x22 ./freertos/src/FreeRTOSCommonHooks.o
 .debug_macro   0x00003474      0x162 ./freertos/src/FreeRTOSCommonHooks.o
 .debug_macro   0x000035d6       0x94 ./freertos/src/FreeRTOSCommonHooks.o
 .debug_macro   0x0000366a       0xb8 ./freertos/src/FreeRTOSCommonHooks.o
 .debug_macro   0x00003722       0x4c ./freertos/src/FreeRTOSCommonHooks.o
 .debug_macro   0x0000376e       0x16 ./freertos/src/FreeRTOSCommonHooks.o
 .debug_macro   0x00003784      0x328 ./freertos/src/FreeRTOSCommonHooks.o
 .debug_macro   0x00003aac       0x49 ./freertos/src/FreeRTOSCommonHooks.o
 .debug_macro   0x00003af5       0x16 ./freertos/src/FreeRTOSCommonHooks.o
 .debug_macro   0x00003b0b       0xca ./freertos/src/FreeRTOSCommonHooks.o
 .debug_macro   0x00003bd5       0x11 ./freertos/src/FreeRTOSCommonHooks.o
 .debug_macro   0x00003be6       0x70 ./freertos/src/FreeRTOSCommonHooks.o
 .debug_macro   0x00003c56       0x9a ./freertos/src/FreeRTOSCommonHooks.o
 .debug_macro   0x00003cf0       0x20 ./freertos/src/FreeRTOSCommonHooks.o
 .debug_macro   0x00003d10       0x28 ./freertos/src/FreeRTOSCommonHooks.o
 .debug_macro   0x00003d38       0xee ./freertos/src/FreeRTOSCommonHooks.o
 .debug_macro   0x00003e26       0xab ./freertos/src/FreeRTOSCommonHooks.o
 .debug_macro   0x00003ed1       0x12 ./freertos/src/FreeRTOSCommonHooks.o
 .debug_macro   0x00003ee3       0x1f ./freertos/src/FreeRTOSCommonHooks.o
 .debug_macro   0x00003f02      0x257 ./freertos/src/FreeRTOSCommonHooks.o
 .debug_macro   0x00004159       0x64 ./freertos/src/FreeRTOSCommonHooks.o
 .debug_macro   0x000041bd       0x57 ./freertos/src/FreeRTOSCommonHooks.o
 .debug_macro   0x00004214      0x2b2 ./freertos/src/heap_3.o
 .debug_macro   0x000044c6       0x28 ./freertos/src/heap_3.o
 .debug_macro   0x000044ee      0x297 ./freertos/src/list.o
 .debug_macro   0x00004785      0x329 ./freertos/src/port.o
 .debug_macro   0x00004aae      0x336 ./freertos/src/tasks.o
 .debug_macro   0x00004de4       0x5b ./freertos/src/tasks.o
 .debug_macro   0x00004e3f       0x16 ./freertos/src/tasks.o
 .debug_macro   0x00004e55       0x1d ./example/src/cr_startup_lpc175x_6x.o
 .debug_macro   0x00004e72      0x28c ./example/src/freertos_blinky.o
 .debug_macro   0x000050fe       0x7b ./example/src/freertos_blinky.o
 .debug_macro   0x00005179       0x18 ./example/src/freertos_blinky.o
 .debug_macro   0x00005191       0x10 ./example/src/freertos_blinky.o
 .debug_macro   0x000051a1       0xf4 ./example/src/freertos_blinky.o
 .debug_macro   0x00005295      0x217 ./example/src/sysinit.o
 .debug_macro   0x000054ac      0x289 C:\Users\Alvaro\Documents\MCUXpressoIDE_10.2.0_759\workspace\lpc_board_nxp_lpcxpresso_1769\Debug\liblpc_board_nxp_lpcxpresso_1769.a(board.o)
 .debug_macro   0x00005735       0x12 C:\Users\Alvaro\Documents\MCUXpressoIDE_10.2.0_759\workspace\lpc_board_nxp_lpcxpresso_1769\Debug\liblpc_board_nxp_lpcxpresso_1769.a(board.o)
 .debug_macro   0x00005747      0x217 C:\Users\Alvaro\Documents\MCUXpressoIDE_10.2.0_759\workspace\lpc_board_nxp_lpcxpresso_1769\Debug\liblpc_board_nxp_lpcxpresso_1769.a(board_sysinit.o)
 .debug_macro   0x0000595e      0x1cd C:\Users\Alvaro\Documents\MCUXpressoIDE_10.2.0_759\workspace\lpc_chip_175x_6x\Debug\liblpc_chip_175x_6x.a(chip_17xx_40xx.o)
 .debug_macro   0x00005b2b      0x1cd C:\Users\Alvaro\Documents\MCUXpressoIDE_10.2.0_759\workspace\lpc_chip_175x_6x\Debug\liblpc_chip_175x_6x.a(clock_17xx_40xx.o)
 .debug_macro   0x00005cf8      0x1cd C:\Users\Alvaro\Documents\MCUXpressoIDE_10.2.0_759\workspace\lpc_chip_175x_6x\Debug\liblpc_chip_175x_6x.a(iocon_17xx_40xx.o)
 .debug_macro   0x00005ec5      0x1cd C:\Users\Alvaro\Documents\MCUXpressoIDE_10.2.0_759\workspace\lpc_chip_175x_6x\Debug\liblpc_chip_175x_6x.a(sysinit_17xx_40xx.o)
 .debug_macro   0x00006092      0x1cd C:\Users\Alvaro\Documents\MCUXpressoIDE_10.2.0_759\workspace\lpc_chip_175x_6x\Debug\liblpc_chip_175x_6x.a(uart_17xx_40xx.o)

.debug_line     0x00000000     0x5b61
 .debug_line    0x00000000      0x64f ./freertos/src/FreeRTOSCommonHooks.o
 .debug_line    0x0000064f      0x5f4 ./freertos/src/heap_3.o
 .debug_line    0x00000c43      0x640 ./freertos/src/list.o
 .debug_line    0x00001283      0x726 ./freertos/src/port.o
 .debug_line    0x000019a9      0xcf4 ./freertos/src/tasks.o
 .debug_line    0x0000269d       0xdb ./example/src/cr_startup_lpc175x_6x.o
 .debug_line    0x00002778      0x65c ./example/src/freertos_blinky.o
 .debug_line    0x00002dd4      0x4a1 ./example/src/sysinit.o
 .debug_line    0x00003275      0x854 C:\Users\Alvaro\Documents\MCUXpressoIDE_10.2.0_759\workspace\lpc_board_nxp_lpcxpresso_1769\Debug\liblpc_board_nxp_lpcxpresso_1769.a(board.o)
 .debug_line    0x00003ac9      0x4d9 C:\Users\Alvaro\Documents\MCUXpressoIDE_10.2.0_759\workspace\lpc_board_nxp_lpcxpresso_1769\Debug\liblpc_board_nxp_lpcxpresso_1769.a(board_sysinit.o)
 .debug_line    0x00003fa2      0x458 C:\Users\Alvaro\Documents\MCUXpressoIDE_10.2.0_759\workspace\lpc_chip_175x_6x\Debug\liblpc_chip_175x_6x.a(chip_17xx_40xx.o)
 .debug_line    0x000043fa      0x6d4 C:\Users\Alvaro\Documents\MCUXpressoIDE_10.2.0_759\workspace\lpc_chip_175x_6x\Debug\liblpc_chip_175x_6x.a(clock_17xx_40xx.o)
 .debug_line    0x00004ace      0x444 C:\Users\Alvaro\Documents\MCUXpressoIDE_10.2.0_759\workspace\lpc_chip_175x_6x\Debug\liblpc_chip_175x_6x.a(iocon_17xx_40xx.o)
 .debug_line    0x00004f12      0x4ce C:\Users\Alvaro\Documents\MCUXpressoIDE_10.2.0_759\workspace\lpc_chip_175x_6x\Debug\liblpc_chip_175x_6x.a(sysinit_17xx_40xx.o)
 .debug_line    0x000053e0      0x781 C:\Users\Alvaro\Documents\MCUXpressoIDE_10.2.0_759\workspace\lpc_chip_175x_6x\Debug\liblpc_chip_175x_6x.a(uart_17xx_40xx.o)

.debug_str      0x00000000    0x173c3
 .debug_str     0x00000000    0x1337d ./freertos/src/FreeRTOSCommonHooks.o
                              0x13465 (size before relaxing)
 .debug_str     0x0001337d      0x103 ./freertos/src/heap_3.o
                              0x13479 (size before relaxing)
 .debug_str     0x00013480      0x12e ./freertos/src/list.o
                              0x131be (size before relaxing)
 .debug_str     0x000135ae      0x8f6 ./freertos/src/port.o
                              0x13cb5 (size before relaxing)
 .debug_str     0x00013ea4     0x153a ./freertos/src/tasks.o
                              0x14c80 (size before relaxing)
 .debug_str     0x000153de      0x1b3 ./example/src/cr_startup_lpc175x_6x.o
                               0x2ecd (size before relaxing)
 .debug_str     0x00015591       0x9c ./example/src/freertos_blinky.o
                              0x13427 (size before relaxing)
 .debug_str     0x0001562d       0x23 ./example/src/sysinit.o
                              0x112af (size before relaxing)
 .debug_str     0x00015650      0xd2b C:\Users\Alvaro\Documents\MCUXpressoIDE_10.2.0_759\workspace\lpc_board_nxp_lpcxpresso_1769\Debug\liblpc_board_nxp_lpcxpresso_1769.a(board.o)
                              0x12183 (size before relaxing)
 .debug_str     0x0001637b      0x22d C:\Users\Alvaro\Documents\MCUXpressoIDE_10.2.0_759\workspace\lpc_board_nxp_lpcxpresso_1769\Debug\liblpc_board_nxp_lpcxpresso_1769.a(board_sysinit.o)
                              0x116bd (size before relaxing)
 .debug_str     0x000165a8       0xc7 C:\Users\Alvaro\Documents\MCUXpressoIDE_10.2.0_759\workspace\lpc_chip_175x_6x\Debug\liblpc_chip_175x_6x.a(chip_17xx_40xx.o)
                              0x1130d (size before relaxing)
 .debug_str     0x0001666f      0x857 C:\Users\Alvaro\Documents\MCUXpressoIDE_10.2.0_759\workspace\lpc_chip_175x_6x\Debug\liblpc_chip_175x_6x.a(clock_17xx_40xx.o)
                              0x1198b (size before relaxing)
 .debug_str     0x00016ec6       0x79 C:\Users\Alvaro\Documents\MCUXpressoIDE_10.2.0_759\workspace\lpc_chip_175x_6x\Debug\liblpc_chip_175x_6x.a(iocon_17xx_40xx.o)
                              0x10e08 (size before relaxing)
 .debug_str     0x00016f3f       0xc4 C:\Users\Alvaro\Documents\MCUXpressoIDE_10.2.0_759\workspace\lpc_chip_175x_6x\Debug\liblpc_chip_175x_6x.a(sysinit_17xx_40xx.o)
                              0x10ff0 (size before relaxing)
 .debug_str     0x00017003      0x3c0 C:\Users\Alvaro\Documents\MCUXpressoIDE_10.2.0_759\workspace\lpc_chip_175x_6x\Debug\liblpc_chip_175x_6x.a(uart_17xx_40xx.o)
                              0x11860 (size before relaxing)

.comment        0x00000000       0x7e
 .comment       0x00000000       0x7e ./freertos/src/FreeRTOSCommonHooks.o
                                 0x7f (size before relaxing)
 .comment       0x0000007e       0x7f ./freertos/src/heap_3.o
 .comment       0x0000007e       0x7f ./freertos/src/list.o
 .comment       0x0000007e       0x7f ./freertos/src/port.o
 .comment       0x0000007e       0x7f ./freertos/src/tasks.o
 .comment       0x0000007e       0x7f ./example/src/cr_startup_lpc175x_6x.o
 .comment       0x0000007e       0x7f ./example/src/freertos_blinky.o
 .comment       0x0000007e       0x7f ./example/src/sysinit.o
 .comment       0x0000007e       0x7f C:\Users\Alvaro\Documents\MCUXpressoIDE_10.2.0_759\workspace\lpc_board_nxp_lpcxpresso_1769\Debug\liblpc_board_nxp_lpcxpresso_1769.a(board.o)
 .comment       0x0000007e       0x7f C:\Users\Alvaro\Documents\MCUXpressoIDE_10.2.0_759\workspace\lpc_board_nxp_lpcxpresso_1769\Debug\liblpc_board_nxp_lpcxpresso_1769.a(board_sysinit.o)
 .comment       0x0000007e       0x7f C:\Users\Alvaro\Documents\MCUXpressoIDE_10.2.0_759\workspace\lpc_chip_175x_6x\Debug\liblpc_chip_175x_6x.a(chip_17xx_40xx.o)
 .comment       0x0000007e       0x7f C:\Users\Alvaro\Documents\MCUXpressoIDE_10.2.0_759\workspace\lpc_chip_175x_6x\Debug\liblpc_chip_175x_6x.a(clock_17xx_40xx.o)
 .comment       0x0000007e       0x7f C:\Users\Alvaro\Documents\MCUXpressoIDE_10.2.0_759\workspace\lpc_chip_175x_6x\Debug\liblpc_chip_175x_6x.a(iocon_17xx_40xx.o)
 .comment       0x0000007e       0x7f C:\Users\Alvaro\Documents\MCUXpressoIDE_10.2.0_759\workspace\lpc_chip_175x_6x\Debug\liblpc_chip_175x_6x.a(sysinit_17xx_40xx.o)
 .comment       0x0000007e       0x7f C:\Users\Alvaro\Documents\MCUXpressoIDE_10.2.0_759\workspace\lpc_chip_175x_6x\Debug\liblpc_chip_175x_6x.a(uart_17xx_40xx.o)
 .comment       0x0000007e       0x7f c:/nxp/mcuxpressoide_10.2.0_759/ide/tools/bin/../lib/gcc/arm-none-eabi/7.2.1/../../../../arm-none-eabi/lib/thumb/v7-m\libcr_nohost.a(_cr__main.o)
 .comment       0x0000007e       0x7f c:/nxp/mcuxpressoide_10.2.0_759/ide/tools/bin/../lib/gcc/arm-none-eabi/7.2.1/../../../../arm-none-eabi/lib/thumb/v7-m\libcr_c.a(memset.o)
 .comment       0x0000007e       0x7f c:/nxp/mcuxpressoide_10.2.0_759/ide/tools/bin/../lib/gcc/arm-none-eabi/7.2.1/../../../../arm-none-eabi/lib/thumb/v7-m\libcr_c.a(alloc.o)
 .comment       0x0000007e       0x7f c:/nxp/mcuxpressoide_10.2.0_759/ide/tools/bin/../lib/gcc/arm-none-eabi/7.2.1/../../../../arm-none-eabi/lib/thumb/v7-m\libcr_c.a(fpprintf.o)
 .comment       0x0000007e       0x7f c:/nxp/mcuxpressoide_10.2.0_759/ide/tools/bin/../lib/gcc/arm-none-eabi/7.2.1/../../../../arm-none-eabi/lib/thumb/v7-m\libcr_c.a(initio.o)
 .comment       0x0000007e       0x7f c:/nxp/mcuxpressoide_10.2.0_759/ide/tools/bin/../lib/gcc/arm-none-eabi/7.2.1/../../../../arm-none-eabi/lib/thumb/v7-m\libcr_c.a(printf.o)
 .comment       0x0000007e       0x7f c:/nxp/mcuxpressoide_10.2.0_759/ide/tools/bin/../lib/gcc/arm-none-eabi/7.2.1/../../../../arm-none-eabi/lib/thumb/v7-m\libcr_c.a(setvbuf.o)
 .comment       0x0000007e       0x7f c:/nxp/mcuxpressoide_10.2.0_759/ide/tools/bin/../lib/gcc/arm-none-eabi/7.2.1/../../../../arm-none-eabi/lib/thumb/v7-m\libcr_c.a(strlen.o)
 .comment       0x0000007e       0x7f c:/nxp/mcuxpressoide_10.2.0_759/ide/tools/bin/../lib/gcc/arm-none-eabi/7.2.1/../../../../arm-none-eabi/lib/thumb/v7-m\libcr_c.a(__init_alloc.o)
 .comment       0x0000007e       0x7f c:/nxp/mcuxpressoide_10.2.0_759/ide/tools/bin/../lib/gcc/arm-none-eabi/7.2.1/../../../../arm-none-eabi/lib/thumb/v7-m\libcr_c.a(_cr_sbrk.o)
 .comment       0x0000007e       0x7f c:/nxp/mcuxpressoide_10.2.0_759/ide/tools/bin/../lib/gcc/arm-none-eabi/7.2.1/../../../../arm-none-eabi/lib/thumb/v7-m\libcr_c.a(_deferredlazyseek.o)
 .comment       0x0000007e       0x7f c:/nxp/mcuxpressoide_10.2.0_759/ide/tools/bin/../lib/gcc/arm-none-eabi/7.2.1/../../../../arm-none-eabi/lib/thumb/v7-m\libcr_c.a(_fdopen.o)
 .comment       0x0000007e       0x7f c:/nxp/mcuxpressoide_10.2.0_759/ide/tools/bin/../lib/gcc/arm-none-eabi/7.2.1/../../../../arm-none-eabi/lib/thumb/v7-m\libcr_c.a(_fflush.o)
 .comment       0x0000007e       0x7f c:/nxp/mcuxpressoide_10.2.0_759/ide/tools/bin/../lib/gcc/arm-none-eabi/7.2.1/../../../../arm-none-eabi/lib/thumb/v7-m\libcr_c.a(_frexpl.o)
 .comment       0x0000007e       0x7f c:/nxp/mcuxpressoide_10.2.0_759/ide/tools/bin/../lib/gcc/arm-none-eabi/7.2.1/../../../../arm-none-eabi/lib/thumb/v7-m\libcr_c.a(_ldexpl.o)
 .comment       0x0000007e       0x7f c:/nxp/mcuxpressoide_10.2.0_759/ide/tools/bin/../lib/gcc/arm-none-eabi/7.2.1/../../../../arm-none-eabi/lib/thumb/v7-m\libcr_c.a(_writebuf.o)
 .comment       0x0000007e       0x7f c:/nxp/mcuxpressoide_10.2.0_759/ide/tools/bin/../lib/gcc/arm-none-eabi/7.2.1/../../../../arm-none-eabi/lib/thumb/v7-m\libcr_c.a(errno.o)
 .comment       0x0000007e       0x7f c:/nxp/mcuxpressoide_10.2.0_759/ide/tools/bin/../lib/gcc/arm-none-eabi/7.2.1/../../../../arm-none-eabi/lib/thumb/v7-m\libcr_c.a(fclose.o)
 .comment       0x0000007e       0x7f c:/nxp/mcuxpressoide_10.2.0_759/ide/tools/bin/../lib/gcc/arm-none-eabi/7.2.1/../../../../arm-none-eabi/lib/thumb/v7-m\libcr_c.a(fflush.o)
 .comment       0x0000007e       0x7f c:/nxp/mcuxpressoide_10.2.0_759/ide/tools/bin/../lib/gcc/arm-none-eabi/7.2.1/../../../../arm-none-eabi/lib/thumb/v7-m\libcr_c.a(fseek.o)
 .comment       0x0000007e       0x7f c:/nxp/mcuxpressoide_10.2.0_759/ide/tools/bin/../lib/gcc/arm-none-eabi/7.2.1/../../../../arm-none-eabi/lib/thumb/v7-m\libcr_c.a(ftell.o)
 .comment       0x0000007e       0x7f c:/nxp/mcuxpressoide_10.2.0_759/ide/tools/bin/../lib/gcc/arm-none-eabi/7.2.1/../../../../arm-none-eabi/lib/thumb/v7-m\libcr_c.a(remove.o)
 .comment       0x0000007e       0x7f c:/nxp/mcuxpressoide_10.2.0_759/ide/tools/bin/../lib/gcc/arm-none-eabi/7.2.1/../../../../arm-none-eabi/lib/thumb/v7-m\libcr_c.a(_cr_check_heap.o)
 .comment       0x0000007e       0x7f c:/nxp/mcuxpressoide_10.2.0_759/ide/tools/bin/../lib/gcc/arm-none-eabi/7.2.1/../../../../arm-none-eabi/lib/thumb/v7-m\libcr_c.a(_do_fflush.o)
 .comment       0x0000007e       0x7f c:/nxp/mcuxpressoide_10.2.0_759/ide/tools/bin/../lib/gcc/arm-none-eabi/7.2.1/../../../../arm-none-eabi/lib/thumb/v7-m\libcr_c.a(_hugeval.o)
 .comment       0x0000007e       0x7f c:/nxp/mcuxpressoide_10.2.0_759/ide/tools/bin/../lib/gcc/arm-none-eabi/7.2.1/thumb/v7-m\libcr_eabihelpers.a(double.o)
 .comment       0x0000007e       0x7f c:/nxp/mcuxpressoide_10.2.0_759/ide/tools/bin/../lib/gcc/arm-none-eabi/7.2.1/../../../../arm-none-eabi/lib/thumb/v7-m\libcr_nohost.a(__ciob.o)
 .comment       0x0000007e       0x7f c:/nxp/mcuxpressoide_10.2.0_759/ide/tools/bin/../lib/gcc/arm-none-eabi/7.2.1/../../../../arm-none-eabi/lib/thumb/v7-m\libcr_nohost.a(__sys_appexit.o)
 .comment       0x0000007e       0x7f c:/nxp/mcuxpressoide_10.2.0_759/ide/tools/bin/../lib/gcc/arm-none-eabi/7.2.1/../../../../arm-none-eabi/lib/thumb/v7-m\libcr_nohost.a(__sys_close.o)
 .comment       0x0000007e       0x7f c:/nxp/mcuxpressoide_10.2.0_759/ide/tools/bin/../lib/gcc/arm-none-eabi/7.2.1/../../../../arm-none-eabi/lib/thumb/v7-m\libcr_nohost.a(__sys_flen.o)
 .comment       0x0000007e       0x7f c:/nxp/mcuxpressoide_10.2.0_759/ide/tools/bin/../lib/gcc/arm-none-eabi/7.2.1/../../../../arm-none-eabi/lib/thumb/v7-m\libcr_nohost.a(__sys_istty.o)
 .comment       0x0000007e       0x7f c:/nxp/mcuxpressoide_10.2.0_759/ide/tools/bin/../lib/gcc/arm-none-eabi/7.2.1/../../../../arm-none-eabi/lib/thumb/v7-m\libcr_nohost.a(__sys_remove.o)
 .comment       0x0000007e       0x7f c:/nxp/mcuxpressoide_10.2.0_759/ide/tools/bin/../lib/gcc/arm-none-eabi/7.2.1/../../../../arm-none-eabi/lib/thumb/v7-m\libcr_nohost.a(__sys_seek.o)
 .comment       0x0000007e       0x7f c:/nxp/mcuxpressoide_10.2.0_759/ide/tools/bin/../lib/gcc/arm-none-eabi/7.2.1/../../../../arm-none-eabi/lib/thumb/v7-m\libcr_nohost.a(__sys_tmpnam.o)

.ARM.attributes
                0x00000000       0x31
 .ARM.attributes
                0x00000000       0x33 ./freertos/src/FreeRTOSCommonHooks.o
 .ARM.attributes
                0x00000033       0x33 ./freertos/src/heap_3.o
 .ARM.attributes
                0x00000066       0x33 ./freertos/src/list.o
 .ARM.attributes
                0x00000099       0x33 ./freertos/src/port.o
 .ARM.attributes
                0x000000cc       0x33 ./freertos/src/tasks.o
 .ARM.attributes
                0x000000ff       0x33 ./example/src/cr_startup_lpc175x_6x.o
 .ARM.attributes
                0x00000132       0x33 ./example/src/freertos_blinky.o
 .ARM.attributes
                0x00000165       0x33 ./example/src/sysinit.o
 .ARM.attributes
                0x00000198       0x33 C:\Users\Alvaro\Documents\MCUXpressoIDE_10.2.0_759\workspace\lpc_board_nxp_lpcxpresso_1769\Debug\liblpc_board_nxp_lpcxpresso_1769.a(board.o)
 .ARM.attributes
                0x000001cb       0x33 C:\Users\Alvaro\Documents\MCUXpressoIDE_10.2.0_759\workspace\lpc_board_nxp_lpcxpresso_1769\Debug\liblpc_board_nxp_lpcxpresso_1769.a(board_sysinit.o)
 .ARM.attributes
                0x000001fe       0x33 C:\Users\Alvaro\Documents\MCUXpressoIDE_10.2.0_759\workspace\lpc_chip_175x_6x\Debug\liblpc_chip_175x_6x.a(chip_17xx_40xx.o)
 .ARM.attributes
                0x00000231       0x33 C:\Users\Alvaro\Documents\MCUXpressoIDE_10.2.0_759\workspace\lpc_chip_175x_6x\Debug\liblpc_chip_175x_6x.a(clock_17xx_40xx.o)
 .ARM.attributes
                0x00000264       0x33 C:\Users\Alvaro\Documents\MCUXpressoIDE_10.2.0_759\workspace\lpc_chip_175x_6x\Debug\liblpc_chip_175x_6x.a(iocon_17xx_40xx.o)
 .ARM.attributes
                0x00000297       0x33 C:\Users\Alvaro\Documents\MCUXpressoIDE_10.2.0_759\workspace\lpc_chip_175x_6x\Debug\liblpc_chip_175x_6x.a(sysinit_17xx_40xx.o)
 .ARM.attributes
                0x000002ca       0x33 C:\Users\Alvaro\Documents\MCUXpressoIDE_10.2.0_759\workspace\lpc_chip_175x_6x\Debug\liblpc_chip_175x_6x.a(uart_17xx_40xx.o)
 .ARM.attributes
                0x000002fd       0x33 c:/nxp/mcuxpressoide_10.2.0_759/ide/tools/bin/../lib/gcc/arm-none-eabi/7.2.1/../../../../arm-none-eabi/lib/thumb/v7-m\libcr_nohost.a(_cr__main.o)
 .ARM.attributes
                0x00000330       0x33 c:/nxp/mcuxpressoide_10.2.0_759/ide/tools/bin/../lib/gcc/arm-none-eabi/7.2.1/../../../../arm-none-eabi/lib/thumb/v7-m\libcr_c.a(memset.o)
 .ARM.attributes
                0x00000363       0x33 c:/nxp/mcuxpressoide_10.2.0_759/ide/tools/bin/../lib/gcc/arm-none-eabi/7.2.1/../../../../arm-none-eabi/lib/thumb/v7-m\libcr_c.a(alloc.o)
 .ARM.attributes
                0x00000396       0x33 c:/nxp/mcuxpressoide_10.2.0_759/ide/tools/bin/../lib/gcc/arm-none-eabi/7.2.1/../../../../arm-none-eabi/lib/thumb/v7-m\libcr_c.a(fpprintf.o)
 .ARM.attributes
                0x000003c9       0x33 c:/nxp/mcuxpressoide_10.2.0_759/ide/tools/bin/../lib/gcc/arm-none-eabi/7.2.1/../../../../arm-none-eabi/lib/thumb/v7-m\libcr_c.a(initio.o)
 .ARM.attributes
                0x000003fc       0x33 c:/nxp/mcuxpressoide_10.2.0_759/ide/tools/bin/../lib/gcc/arm-none-eabi/7.2.1/../../../../arm-none-eabi/lib/thumb/v7-m\libcr_c.a(printf.o)
 .ARM.attributes
                0x0000042f       0x33 c:/nxp/mcuxpressoide_10.2.0_759/ide/tools/bin/../lib/gcc/arm-none-eabi/7.2.1/../../../../arm-none-eabi/lib/thumb/v7-m\libcr_c.a(setvbuf.o)
 .ARM.attributes
                0x00000462       0x33 c:/nxp/mcuxpressoide_10.2.0_759/ide/tools/bin/../lib/gcc/arm-none-eabi/7.2.1/../../../../arm-none-eabi/lib/thumb/v7-m\libcr_c.a(strlen.o)
 .ARM.attributes
                0x00000495       0x33 c:/nxp/mcuxpressoide_10.2.0_759/ide/tools/bin/../lib/gcc/arm-none-eabi/7.2.1/../../../../arm-none-eabi/lib/thumb/v7-m\libcr_c.a(__init_alloc.o)
 .ARM.attributes
                0x000004c8       0x33 c:/nxp/mcuxpressoide_10.2.0_759/ide/tools/bin/../lib/gcc/arm-none-eabi/7.2.1/../../../../arm-none-eabi/lib/thumb/v7-m\libcr_c.a(_cr_sbrk.o)
 .ARM.attributes
                0x000004fb       0x33 c:/nxp/mcuxpressoide_10.2.0_759/ide/tools/bin/../lib/gcc/arm-none-eabi/7.2.1/../../../../arm-none-eabi/lib/thumb/v7-m\libcr_c.a(_deferredlazyseek.o)
 .ARM.attributes
                0x0000052e       0x33 c:/nxp/mcuxpressoide_10.2.0_759/ide/tools/bin/../lib/gcc/arm-none-eabi/7.2.1/../../../../arm-none-eabi/lib/thumb/v7-m\libcr_c.a(_fdopen.o)
 .ARM.attributes
                0x00000561       0x33 c:/nxp/mcuxpressoide_10.2.0_759/ide/tools/bin/../lib/gcc/arm-none-eabi/7.2.1/../../../../arm-none-eabi/lib/thumb/v7-m\libcr_c.a(_fflush.o)
 .ARM.attributes
                0x00000594       0x33 c:/nxp/mcuxpressoide_10.2.0_759/ide/tools/bin/../lib/gcc/arm-none-eabi/7.2.1/../../../../arm-none-eabi/lib/thumb/v7-m\libcr_c.a(_frexpl.o)
 .ARM.attributes
                0x000005c7       0x33 c:/nxp/mcuxpressoide_10.2.0_759/ide/tools/bin/../lib/gcc/arm-none-eabi/7.2.1/../../../../arm-none-eabi/lib/thumb/v7-m\libcr_c.a(_ldexpl.o)
 .ARM.attributes
                0x000005fa       0x33 c:/nxp/mcuxpressoide_10.2.0_759/ide/tools/bin/../lib/gcc/arm-none-eabi/7.2.1/../../../../arm-none-eabi/lib/thumb/v7-m\libcr_c.a(_writebuf.o)
 .ARM.attributes
                0x0000062d       0x33 c:/nxp/mcuxpressoide_10.2.0_759/ide/tools/bin/../lib/gcc/arm-none-eabi/7.2.1/../../../../arm-none-eabi/lib/thumb/v7-m\libcr_c.a(errno.o)
 .ARM.attributes
                0x00000660       0x33 c:/nxp/mcuxpressoide_10.2.0_759/ide/tools/bin/../lib/gcc/arm-none-eabi/7.2.1/../../../../arm-none-eabi/lib/thumb/v7-m\libcr_c.a(fclose.o)
 .ARM.attributes
                0x00000693       0x33 c:/nxp/mcuxpressoide_10.2.0_759/ide/tools/bin/../lib/gcc/arm-none-eabi/7.2.1/../../../../arm-none-eabi/lib/thumb/v7-m\libcr_c.a(fflush.o)
 .ARM.attributes
                0x000006c6       0x33 c:/nxp/mcuxpressoide_10.2.0_759/ide/tools/bin/../lib/gcc/arm-none-eabi/7.2.1/../../../../arm-none-eabi/lib/thumb/v7-m\libcr_c.a(fseek.o)
 .ARM.attributes
                0x000006f9       0x33 c:/nxp/mcuxpressoide_10.2.0_759/ide/tools/bin/../lib/gcc/arm-none-eabi/7.2.1/../../../../arm-none-eabi/lib/thumb/v7-m\libcr_c.a(ftell.o)
 .ARM.attributes
                0x0000072c       0x33 c:/nxp/mcuxpressoide_10.2.0_759/ide/tools/bin/../lib/gcc/arm-none-eabi/7.2.1/../../../../arm-none-eabi/lib/thumb/v7-m\libcr_c.a(remove.o)
 .ARM.attributes
                0x0000075f       0x33 c:/nxp/mcuxpressoide_10.2.0_759/ide/tools/bin/../lib/gcc/arm-none-eabi/7.2.1/../../../../arm-none-eabi/lib/thumb/v7-m\libcr_c.a(_cr_check_heap.o)
 .ARM.attributes
                0x00000792       0x33 c:/nxp/mcuxpressoide_10.2.0_759/ide/tools/bin/../lib/gcc/arm-none-eabi/7.2.1/../../../../arm-none-eabi/lib/thumb/v7-m\libcr_c.a(_do_fflush.o)
 .ARM.attributes
                0x000007c5       0x33 c:/nxp/mcuxpressoide_10.2.0_759/ide/tools/bin/../lib/gcc/arm-none-eabi/7.2.1/../../../../arm-none-eabi/lib/thumb/v7-m\libcr_c.a(_hugeval.o)
 .ARM.attributes
                0x000007f8       0x33 c:/nxp/mcuxpressoide_10.2.0_759/ide/tools/bin/../lib/gcc/arm-none-eabi/7.2.1/thumb/v7-m\libcr_eabihelpers.a(double.o)
 .ARM.attributes
                0x0000082b       0x21 c:/nxp/mcuxpressoide_10.2.0_759/ide/tools/bin/../lib/gcc/arm-none-eabi/7.2.1/thumb/v7-m\libcr_eabihelpers.a(memcpy.o)
 .ARM.attributes
                0x0000084c       0x33 c:/nxp/mcuxpressoide_10.2.0_759/ide/tools/bin/../lib/gcc/arm-none-eabi/7.2.1/../../../../arm-none-eabi/lib/thumb/v7-m\libcr_nohost.a(__ciob.o)
 .ARM.attributes
                0x0000087f       0x33 c:/nxp/mcuxpressoide_10.2.0_759/ide/tools/bin/../lib/gcc/arm-none-eabi/7.2.1/../../../../arm-none-eabi/lib/thumb/v7-m\libcr_nohost.a(__sys_appexit.o)
 .ARM.attributes
                0x000008b2       0x33 c:/nxp/mcuxpressoide_10.2.0_759/ide/tools/bin/../lib/gcc/arm-none-eabi/7.2.1/../../../../arm-none-eabi/lib/thumb/v7-m\libcr_nohost.a(__sys_close.o)
 .ARM.attributes
                0x000008e5       0x33 c:/nxp/mcuxpressoide_10.2.0_759/ide/tools/bin/../lib/gcc/arm-none-eabi/7.2.1/../../../../arm-none-eabi/lib/thumb/v7-m\libcr_nohost.a(__sys_flen.o)
 .ARM.attributes
                0x00000918       0x33 c:/nxp/mcuxpressoide_10.2.0_759/ide/tools/bin/../lib/gcc/arm-none-eabi/7.2.1/../../../../arm-none-eabi/lib/thumb/v7-m\libcr_nohost.a(__sys_istty.o)
 .ARM.attributes
                0x0000094b       0x33 c:/nxp/mcuxpressoide_10.2.0_759/ide/tools/bin/../lib/gcc/arm-none-eabi/7.2.1/../../../../arm-none-eabi/lib/thumb/v7-m\libcr_nohost.a(__sys_remove.o)
 .ARM.attributes
                0x0000097e       0x33 c:/nxp/mcuxpressoide_10.2.0_759/ide/tools/bin/../lib/gcc/arm-none-eabi/7.2.1/../../../../arm-none-eabi/lib/thumb/v7-m\libcr_nohost.a(__sys_seek.o)
 .ARM.attributes
                0x000009b1       0x33 c:/nxp/mcuxpressoide_10.2.0_759/ide/tools/bin/../lib/gcc/arm-none-eabi/7.2.1/../../../../arm-none-eabi/lib/thumb/v7-m\libcr_nohost.a(__sys_tmpnam.o)

.debug_frame    0x00000000     0x1e54
 .debug_frame   0x00000000       0xb0 ./freertos/src/FreeRTOSCommonHooks.o
 .debug_frame   0x000000b0       0x58 ./freertos/src/heap_3.o
 .debug_frame   0x00000108       0xd8 ./freertos/src/list.o
 .debug_frame   0x000001e0      0x198 ./freertos/src/port.o
 .debug_frame   0x00000378      0x634 ./freertos/src/tasks.o
 .debug_frame   0x000009ac      0x170 ./example/src/cr_startup_lpc175x_6x.o
 .debug_frame   0x00000b1c       0xb0 ./example/src/freertos_blinky.o
 .debug_frame   0x00000bcc       0x34 ./example/src/sysinit.o
 .debug_frame   0x00000c00      0x5d4 C:\Users\Alvaro\Documents\MCUXpressoIDE_10.2.0_759\workspace\lpc_board_nxp_lpcxpresso_1769\Debug\liblpc_board_nxp_lpcxpresso_1769.a(board.o)
 .debug_frame   0x000011d4       0x8c C:\Users\Alvaro\Documents\MCUXpressoIDE_10.2.0_759\workspace\lpc_board_nxp_lpcxpresso_1769\Debug\liblpc_board_nxp_lpcxpresso_1769.a(board_sysinit.o)
 .debug_frame   0x00001260       0x88 C:\Users\Alvaro\Documents\MCUXpressoIDE_10.2.0_759\workspace\lpc_chip_175x_6x\Debug\liblpc_chip_175x_6x.a(chip_17xx_40xx.o)
 .debug_frame   0x000012e8      0x490 C:\Users\Alvaro\Documents\MCUXpressoIDE_10.2.0_759\workspace\lpc_chip_175x_6x\Debug\liblpc_chip_175x_6x.a(clock_17xx_40xx.o)
 .debug_frame   0x00001778       0x80 C:\Users\Alvaro\Documents\MCUXpressoIDE_10.2.0_759\workspace\lpc_chip_175x_6x\Debug\liblpc_chip_175x_6x.a(iocon_17xx_40xx.o)
 .debug_frame   0x000017f8      0x12c C:\Users\Alvaro\Documents\MCUXpressoIDE_10.2.0_759\workspace\lpc_chip_175x_6x\Debug\liblpc_chip_175x_6x.a(sysinit_17xx_40xx.o)
 .debug_frame   0x00001924      0x530 C:\Users\Alvaro\Documents\MCUXpressoIDE_10.2.0_759\workspace\lpc_chip_175x_6x\Debug\liblpc_chip_175x_6x.a(uart_17xx_40xx.o)
